 newton

 Timestamp is 4d42f046 (Fri Jan 28 08:35:18 2011)

 Preferred load address is 10000000

 Start         Length     Name                   Class
 0001:00000000 00083cafH .text                   CODE
 0001:00083cb0 000001dfH .text$yc                CODE
 0001:00083e90 00000023H .text$yd                CODE
 0002:00000000 0000014cH .idata$5                DATA
 0002:0000014c 00000004H .CRT$XCA                DATA
 0002:00000150 00000010H .CRT$XCU                DATA
 0002:00000160 00000004H .CRT$XCZ                DATA
 0002:00000164 00000004H .CRT$XIA                DATA
 0002:00000168 00000014H .CRT$XIC                DATA
 0002:0000017c 00000004H .CRT$XIZ                DATA
 0002:00000180 00000004H .CRT$XPA                DATA
 0002:00000184 00000004H .CRT$XPX                DATA
 0002:00000188 00000004H .CRT$XPXA               DATA
 0002:0000018c 00000004H .CRT$XPZ                DATA
 0002:00000190 00000004H .CRT$XTA                DATA
 0002:00000194 00000004H .CRT$XTZ                DATA
 0002:000001a0 00006a98H .rdata                  DATA
 0002:00006c38 00000078H .rdata$debug            DATA
 0002:00006cb0 0000000cH .rdata$sxdata           DATA
 0002:00006cbc 00000004H .rtc$IAA                DATA
 0002:00006cc0 00000004H .rtc$IZZ                DATA
 0002:00006cc4 00000004H .rtc$TAA                DATA
 0002:00006cc8 00000004H .rtc$TZZ                DATA
 0002:00006cd0 000003d4H .xdata$x                DATA
 0002:000070a4 00000014H .idata$2                DATA
 0002:000070b8 00000014H .idata$3                DATA
 0002:000070cc 0000014cH .idata$4                DATA
 0002:00007218 000005faH .idata$6                DATA
 0002:00007820 0000325aH .edata                  DATA
 0003:00000000 00001f50H .data                   DATA
 0003:00001f60 00004424H .bss                    DATA
 0004:00000000 00000058H .rsrc$01                DATA
 0004:00000060 000003c0H .rsrc$02                DATA

  Address         Publics by Value              Rva+Base       Lib:Object

 0000:00000000       __except_list              00000000     <absolute>
 0000:00000003       ___safe_se_handler_count   00000003     <absolute>
 0000:00000000       ___ImageBase               10000000     <linker-defined>
 0001:00000000       _DllMain@12                10001000 f   Newton.obj
 0001:00000010       _NewtonGetMemoryUsed       10001010 f   Newton.obj
 0001:00000030       _NewtonSetMemorySystem     10001030 f   Newton.obj
 0001:00000070       _NewtonCreate              10001070 f   Newton.obj
 0001:00000180       _NewtonDestroy             10001180 f   Newton.obj
 0001:00000210       ??_GNewton@@QAEPAXI@Z      10001210 f i Newton.obj
 0001:00000270       _NewtonInvalidateCache     10001270 f   Newton.obj
 0001:00000280       _NewtonSetPlatformArchitecture 10001280 f   Newton.obj
 0001:000002a0       _NewtonGetPlatformArchitecture 100012a0 f   Newton.obj
 0001:000002f0       _NewtonWorldCriticalSectionLock 100012f0 f   Newton.obj
 0001:00000310       _NewtonWorldCriticalSectionUnlock 10001310 f   Newton.obj
 0001:00000330       _NewtonSetThreadsCount     10001330 f   Newton.obj
 0001:00000370       _NewtonGetThreadsCount     10001370 f   Newton.obj
 0001:00000380       _NewtonGetMaxThreadsCount  10001380 f   Newton.obj
 0001:00000390       _NewtonSetMultiThreadSolverOnSingleIsland 10001390 f   Newton.obj
 0001:000003b0       _NewtonGetMultiThreadSolverOnSingleIsland 100013b0 f   Newton.obj
 0001:000003c0       _NewtonSetSolverModel      100013c0 f   Newton.obj
 0001:000003e0       _NewtonSetFrictionModel    100013e0 f   Newton.obj
 0001:000003f0       _NewtonSetPerformanceClock 100013f0 f   Newton.obj
 0001:00000440       _NewtonReadThreadPerformanceTicks 10001440 f   Newton.obj
 0001:00000440       _NewtonReadPerformanceTicks 10001440 f   Newton.obj
 0001:00000470       _NewtonUpdate              10001470 f   Newton.obj
 0001:00000570       _NewtonCollisionUpdate     10001570 f   Newton.obj
 0001:000005c0       _NewtonSetMinimumFrameRate 100015c0 f   Newton.obj
 0001:00000610       _NewtonDestroyAllBodies    10001610 f   Newton.obj
 0001:00000670       _NewtonSetWorldSize        10001670 f   Newton.obj
 0001:000006d0       _NewtonSetIslandUpdateEvent 100016d0 f   Newton.obj
 0001:000006e0       _NewtonSetCollisionDestructor 100016e0 f   Newton.obj
 0001:000006f0       _NewtonSetDestroyBodyByExeciveForce 100016f0 f   Newton.obj
 0001:00000700       _NewtonSetBodyLeaveWorldEvent 10001700 f   Newton.obj
 0001:00000710       _NewtonWorldGetFirstBody   10001710 f   Newton.obj
 0001:00000730       _NewtonWorldGetNextBody    10001730 f   Newton.obj
 0001:00000750       _NewtonWorldForEachJointDo 10001750 f   Newton.obj
 0001:00000860       _NewtonWorldForEachBodyInAABBDo 10001860 f   Newton.obj
 0001:000008c0       _NewtonWorldGetVersion     100018c0 f   Newton.obj
 0001:000008d0       _NewtonWorldFloatSize      100018d0 f   Newton.obj
 0001:000008e0       _NewtonWorldSetUserData    100018e0 f   Newton.obj
 0001:000008f0       _NewtonWorldGetUserData    100018f0 f   Newton.obj
 0001:00000900       _NewtonWorldSetDestructorCallBack 10001900 f   Newton.obj
 0001:00000910       _NewtonWorldGetDestructorCallBack 10001910 f   Newton.obj
 0001:00000920       _NewtonWorldGetBodyCount   10001920 f   Newton.obj
 0001:00000930       _NewtonWorldGetConstraintCount 10001930 f   Newton.obj
 0001:00000940       _NewtonWorldRayCast        10001940 f   Newton.obj
 0001:000009b0       _NewtonWorldConvexCast     100019b0 f   Newton.obj
 0001:00000a10       _NewtonIslandGetBody       10001a10 f   Newton.obj
 0001:00000a40       _NewtonIslandGetBodyAABB   10001a40 f   Newton.obj
 0001:00000aa0       _NewtonMaterialGetDefaultGroupID 10001aa0 f   Newton.obj
 0001:00000ab0       _NewtonMaterialCreateGroupID 10001ab0 f   Newton.obj
 0001:00000ac0       _NewtonMaterialDestroyAllGroupID 10001ac0 f   Newton.obj
 0001:00000ad0       _NewtonMaterialSetDefaultCollidable 10001ad0 f   Newton.obj
 0001:00000b00       _NewtonMaterialSetContinuousCollisionMode 10001b00 f   Newton.obj
 0001:00000b30       _NewtonMaterialSetSurfaceThickness 10001b30 f   Newton.obj
 0001:00000b90       _NewtonMaterialSetDefaultFriction 10001b90 f   Newton.obj
 0001:00000c60       _NewtonMaterialSetDefaultElasticity 10001c60 f   Newton.obj
 0001:00000cc0       _NewtonMaterialSetDefaultSoftness 10001cc0 f   Newton.obj
 0001:00000d10       _NewtonMaterialSetCollisionCallback 10001d10 f   Newton.obj
 0001:00000d50       _NewtonMaterialGetUserData 10001d50 f   Newton.obj
 0001:00000d70       _NewtonWorldGetFirstMaterial 10001d70 f   Newton.obj
 0001:00000da0       _NewtonWorldGetNextMaterial 10001da0 f   Newton.obj
 0001:00000db0       _NewtonMaterialGetMaterialPairUserData 10001db0 f   Newton.obj
 0001:00000dc0       _NewtonMaterialGetContactFaceAttribute 10001dc0 f   Newton.obj
 0001:00000dd0       _NewtonMaterialGetContactNormalSpeed 10001dd0 f   Newton.obj
 0001:00000ed0       _NewtonMaterialGetContactTangentSpeed 10001ed0 f   Newton.obj
 0001:00000ff0       _NewtonMaterialGetContactPositionAndNormal 10001ff0 f   Newton.obj
 0001:00001020       _NewtonMaterialGetContactForce 10002020 f   Newton.obj
 0001:000010a0       _NewtonMaterialGetContactTangentDirections 100020a0 f   Newton.obj
 0001:000010e0       _NewtonMaterialGetBodyCollisionID 100020e0 f   Newton.obj
 0001:00001110       _NewtonMaterialSetContactSoftness 10002110 f   Newton.obj
 0001:00001170       _NewtonMaterialSetContactElasticity 10002170 f   Newton.obj
 0001:000011d0       _NewtonMaterialSetContactFrictionState 100021d0 f   Newton.obj
 0001:00001210       _NewtonMaterialSetContactFrictionCoef 10002210 f   Newton.obj
 0001:000012f0       _NewtonMaterialSetContactNormalAcceleration 100022f0 f   Newton.obj
 0001:00001310       _NewtonMaterialSetContactTangentAcceleration 10002310 f   Newton.obj
 0001:00001340       _NewtonMaterialSetContactNormalDirection 10002340 f   Newton.obj
 0001:00001550       _NewtonMaterialContactRotateTangentDirections 10002550 f   Newton.obj
 0001:00001670       _NewtonCreateNull          10002670 f   Newton.obj
 0001:00001680       _NewtonCreateBox           10002680 f   Newton.obj
 0001:000016e0       _NewtonCreateSphere        100026e0 f   Newton.obj
 0001:000017f0       _NewtonCreateCone          100027f0 f   Newton.obj
 0001:00001850       _NewtonCreateCapsule       10002850 f   Newton.obj
 0001:000018b0       _NewtonCreateCylinder      100028b0 f   Newton.obj
 0001:00001910       _NewtonCreateChamferCylinder 10002910 f   Newton.obj
 0001:00001970       _NewtonCreateConvexHull    10002970 f   Newton.obj
 0001:000019f0       _NewtonCreateConvexHullFromMesh 100029f0 f   Newton.obj
 0001:00001a20       _NewtonCreateConvexHullModifier 10002a20 f   Newton.obj
 0001:00001a90       _NewtonConvexHullModifierGetMatrix 10002a90 f   Newton.obj
 0001:00001ac0       _NewtonConvexHullModifierSetMatrix 10002ac0 f   Newton.obj
 0001:00001ae0       _NewtonCreateCompoundCollision 10002ae0 f   Newton.obj
 0001:00001b30       _NewtonCreateCompoundCollisionFromMesh 10002b30 f   Newton.obj
 0001:00001b50       _NewtonCreateCompoundBreakable 10002b50 f   Newton.obj
 0001:00001b80       _NewtonCompoundBreakableResetAnchoredPieces 10002b80 f   Newton.obj
 0001:00001ba0       _NewtonCompoundBreakableSetAnchoredPieces 10002ba0 f   Newton.obj
 0001:00001bd0       _NewtonBreakableGetMainMesh 10002bd0 f   Newton.obj
 0001:00001bf0       _NewtonBreakableBeginDelete 10002bf0 f   Newton.obj
 0001:00001c20       _NewtonBreakableDeleteComponent 10002c20 f   Newton.obj
 0001:00001c40       _NewtonBreakableEndDelete  10002c40 f   Newton.obj
 0001:00001c60       _NewtonBreakableGetFirstComponent 10002c60 f   Newton.obj
 0001:00001c90       _NewtonBreakableGetNextComponent 10002c90 f   Newton.obj
 0001:00001cb0       _NewtonCompoundBreakableGetVertexCount 10002cb0 f   Newton.obj
 0001:00001cd0       _NewtonCompoundBreakableGetVertexStreams 10002cd0 f   Newton.obj
 0001:00001d10       _NewtonBreakableGetFirstSegment 10002d10 f   Newton.obj
 0001:00001d20       _NewtonBreakableGetNextSegment 10002d20 f   Newton.obj
 0001:00001d30       _NewtonBreakableGetComponentsInRadius 10002d30 f   Newton.obj
 0001:00001d90       _NewtonBreakableSegmentGetIndexCount 10002d90 f   Newton.obj
 0001:00001da0       _NewtonBreakableSegmentGetIndexStream 10002da0 f   Newton.obj
 0001:00001dd0       _NewtonBreakableSegmentGetIndexStreamShort 10002dd0 f   Newton.obj
 0001:00001e00       _NewtonCollisionIsTriggerVolume 10002e00 f   Newton.obj
 0001:00001e20       _NewtonCollisionSetAsTriggerVolume 10002e20 f   Newton.obj
 0001:00001e40       _NewtonCollisionSetMaxBreakImpactImpulse 10002e40 f   Newton.obj
 0001:00001e60       _NewtonCollisionGetMaxBreakImpactImpulse 10002e60 f   Newton.obj
 0001:00001e70       _NewtonCollisionSetUserID  10002e70 f   Newton.obj
 0001:00001e80       _NewtonCollisionGetUserID  10002e80 f   Newton.obj
 0001:00001e90       _NewtonConvexHullGetFaceIndices 10002e90 f   Newton.obj
 0001:00001ed0       _NewtonConvexCollisionCalculateVolume 10002ed0 f   Newton.obj
 0001:00001ee0       _NewtonConvexCollisionCalculateInertialMatrix 10002ee0 f   Newton.obj
 0001:00001f30       _NewtonCreateUserMeshCollision 10002f30 f   Newton.obj
 0001:00002000       _NewtonCreateTreeCollision 10003000 f   Newton.obj
 0001:00002050       _NewtonStaticCollisionSetDebugCallback 10003050 f   Newton.obj
 0001:00002090       _NewtonTreeCollisionSetUserRayCastCallback 10003090 f   Newton.obj
 0001:000020b0       _NewtonHeightFieldSetUserRayCastCallback 100030b0 f   Newton.obj
 0001:000020d0       _NewtonTreeCollisionBeginBuild 100030d0 f   Newton.obj
 0001:000020e0       _NewtonTreeCollisionAddFace 100030e0 f   Newton.obj
 0001:00002100       _NewtonTreeCollisionEndBuild 10003100 f   Newton.obj
 0001:00002120       _NewtonTreeCollisionGetFaceAtribute 10003120 f   Newton.obj
 0001:00002130       _NewtonTreeCollisionSetFaceAtribute 10003130 f   Newton.obj
 0001:00002140       _NewtonTreeCollisionGetVertexListIndexListInAABB 10003140 f   Newton.obj
 0001:000021f0       _NewtonCreateHeightFieldCollision 100031f0 f   Newton.obj
 0001:00002240       _NewtonCreateSceneCollision 10003240 f   Newton.obj
 0001:00002280       _NewtonSceneCollisionCreateProxy 10003280 f   Newton.obj
 0001:000022d0       _NewtonSceneCollisionDestroyProxy 100032d0 f   Newton.obj
 0001:00002310       _NewtonSceneProxySetMatrix 10003310 f   Newton.obj
 0001:00002320       _NewtonSceneProxyGetMatrix 10003320 f   Newton.obj
 0001:00002350       _NewtonSceneCollisionOptimize 10003350 f   Newton.obj
 0001:00002360       _NewtonCollisionPointDistance 10003360 f   Newton.obj
 0001:00002390       _NewtonCollisionClosestPoint 10003390 f   Newton.obj
 0001:000023c0       _NewtonCollisionCollide    100033c0 f   Newton.obj
 0001:00002400       _NewtonCollisionCollideContinue 10003400 f   Newton.obj
 0001:00002460       _NewtonCollisionSupportVertex 10003460 f   Newton.obj
 0001:00002590       _NewtonCollisionRayCast    10003590 f   Newton.obj
 0001:00002720       _NewtonCollisionCalculateAABB 10003720 f   Newton.obj
 0001:00002780       _NewtonCollisionForEachPolygonDo 10003780 f   Newton.obj
 0001:000027c0       _NewtonCollisionMakeUnique 100037c0 f   Newton.obj
 0001:000027d0       _NewtonAddCollisionReference 100037d0 f   Newton.obj
 0001:000027f0       _NewtonReleaseCollision    100037f0 f   Newton.obj
 0001:00002800       _NewtonCollisionSerialize  10003800 f   Newton.obj
 0001:00002820       _NewtonCreateCollisionFromSerialization 10003820 f   Newton.obj
 0001:00002840       _NewtonCollisionGetInfo    10003840 f   Newton.obj
 0001:00002860       _NewtonGetEulerAngle       10003860 f   Newton.obj
 0001:00002890       _NewtonSetEulerAngle       10003890 f   Newton.obj
 0001:00002ca0       _NewtonCalculateSpringDamperAcceleration 10003ca0 f   Newton.obj
 0001:00002ce0       _NewtonCreateBody          10003ce0 f   Newton.obj
 0001:00002d30       _NewtonDestroyBody         10003d30 f   Newton.obj
 0001:00002d50       _NewtonBodySetUserData     10003d50 f   Newton.obj
 0001:00002d60       _NewtonBodyGetUserData     10003d60 f   Newton.obj
 0001:00002d70       _NewtonBodyGetWorld        10003d70 f   Newton.obj
 0001:00002d80       _NewtonBodySetTransformCallback 10003d80 f   Newton.obj
 0001:00002d90       _NewtonBodyGetTransformCallback 10003d90 f   Newton.obj
 0001:00002da0       _NewtonBodySetForceAndTorqueCallback 10003da0 f   Newton.obj
 0001:00002db0       _NewtonBodyGetForceAndTorqueCallback 10003db0 f   Newton.obj
 0001:00002dc0       _NewtonBodySetDestructorCallback 10003dc0 f   Newton.obj
 0001:00002dd0       _NewtonBodySetMassMatrix   10003dd0 f   Newton.obj
 0001:00002f20       _NewtonBodyGetMassMatrix   10003f20 f   Newton.obj
 0001:00002f80       _NewtonBodyGetInvMass      10003f80 f   Newton.obj
 0001:00002fe0       _NewtonBodySetMatrix       10003fe0 f   Newton.obj
 0001:00003030       _NewtonBodySetMatrixRecursive 10004030 f   Newton.obj
 0001:00003070       _NewtonBodyGetMatrix       10004070 f   Newton.obj
 0001:00003090       _NewtonBodyGetRotation     10004090 f   Newton.obj
 0001:000030b0       _NewtonBodySetForce        100040b0 f   Newton.obj
 0001:000030f0       _NewtonBodyAddForce        100040f0 f   Newton.obj
 0001:00003150       _NewtonBodyGetForceAcc     10004150 f   Newton.obj
 0001:00003190       _NewtonBodyGetForce        10004190 f   Newton.obj
 0001:000031d0       _NewtonBodyCalculateInverseDynamicsForce 100041d0 f   Newton.obj
 0001:00003230       _NewtonBodySetTorque       10004230 f   Newton.obj
 0001:00003270       _NewtonBodyAddTorque       10004270 f   Newton.obj
 0001:000032c0       _NewtonBodyGetTorque       100042c0 f   Newton.obj
 0001:00003300       _NewtonBodyGetTorqueAcc    10004300 f   Newton.obj
 0001:00003340       _NewtonBodySetCentreOfMass 10004340 f   Newton.obj
 0001:00003380       _NewtonBodyGetCentreOfMass 10004380 f   Newton.obj
 0001:000033c0       _NewtonBodyGetFirstJoint   100043c0 f   Newton.obj
 0001:000033f0       _NewtonBodyGetNextJoint    100043f0 f   Newton.obj
 0001:00003400       _NewtonBodyGetFirstContactJoint 10004400 f   Newton.obj
 0001:00003430       _NewtonBodyGetNextContactJoint 10004430 f   Newton.obj
 0001:00003440       _NewtonContactJointGetContactCount 10004440 f   Newton.obj
 0001:00003460       _NewtonContactJointGetFirstContact 10004460 f   Newton.obj
 0001:00003490       _NewtonContactJointGetNextContact 10004490 f   Newton.obj
 0001:000034c0       _NewtonContactJointRemoveContact 100044c0 f   Newton.obj
 0001:00003500       _NewtonContactGetMaterial  10004500 f   Newton.obj
 0001:00003510       _NewtonBodyAddBuoyancyForce 10004510 f   Newton.obj
 0001:00003570       _NewtonBodySetCollision    10004570 f   Newton.obj
 0001:00003580       _NewtonBodyGetCollision    10004580 f   Newton.obj
 0001:00003590       _NewtonBodySetMaterialGroupID 10004590 f   Newton.obj
 0001:000035a0       _NewtonBodyGetMaterialGroupID 100045a0 f   Newton.obj
 0001:000035b0       _NewtonBodySetContinuousCollisionMode 100045b0 f   Newton.obj
 0001:000035d0       _NewtonBodyGetContinuousCollisionMode 100045d0 f   Newton.obj
 0001:000035f0       _NewtonBodySetJointRecursiveCollision 100045f0 f   Newton.obj
 0001:00003620       _NewtonBodyGetJointRecursiveCollision 10004620 f   Newton.obj
 0001:00003640       _NewtonBodyGetFreezeState  10004640 f   Newton.obj
 0001:00003650       _NewtonBodySetFreezeState  10004650 f   Newton.obj
 0001:00003670       _NewtonBodySetAutoSleep    10004670 f   Newton.obj
 0001:000036b0       _NewtonBodyGetAutoSleep    100046b0 f   Newton.obj
 0001:000036d0       _NewtonBodyGetSleepState   100046d0 f   Newton.obj
 0001:000036e0       _NewtonBodyGetAABB         100046e0 f   Newton.obj
 0001:00003730       _NewtonBodySetVelocity     10004730 f   Newton.obj
 0001:00003770       _NewtonBodyGetVelocity     10004770 f   Newton.obj
 0001:000037b0       _NewtonBodySetOmega        100047b0 f   Newton.obj
 0001:000037f0       _NewtonBodyGetOmega        100047f0 f   Newton.obj
 0001:00003830       _NewtonBodySetLinearDamping 10004830 f   Newton.obj
 0001:00003850       _NewtonBodyGetLinearDamping 10004850 f   Newton.obj
 0001:00003870       _NewtonBodySetAngularDamping 10004870 f   Newton.obj
 0001:000038b0       _NewtonBodyGetAngularDamping 100048b0 f   Newton.obj
 0001:00003900       _NewtonBodyAddImpulse      10004900 f   Newton.obj
 0001:00003970       _NewtonConstraintCreateBall 10004970 f   Newton.obj
 0001:000039e0       _NewtonBallSetConeLimits   100049e0 f   Newton.obj
 0001:00003c40       _NewtonBallSetUserCallback 10004c40 f   Newton.obj
 0001:00003c50       _NewtonBallGetJointAngle   10004c50 f   Newton.obj
 0001:00003c90       _NewtonBallGetJointOmega   10004c90 f   Newton.obj
 0001:00003cc0       _NewtonBallGetJointForce   10004cc0 f   Newton.obj
 0001:00003cf0       _NewtonConstraintCreateHinge 10004cf0 f   Newton.obj
 0001:00003d50       _NewtonHingeGetJointOmega  10004d50 f   Newton.obj
 0001:00003d50       _NewtonUniversalGetJointOmega0 10004d50 f   Newton.obj
 0001:00003d50       _NewtonCorkscrewGetJointOmega 10004d50 f   Newton.obj
 0001:00003d60       _NewtonHingeCalculateStopAlpha 10004d60 f   Newton.obj
 0001:00003d90       _NewtonHingeGetJointForce  10004d90 f   Newton.obj
 0001:00003dc0       _NewtonConstraintCreateSlider 10004dc0 f   Newton.obj
 0001:00003e20       _NewtonHingeSetUserCallback 10004e20 f   Newton.obj
 0001:00003e20       _NewtonSliderSetUserCallback 10004e20 f   Newton.obj
 0001:00003e30       _NewtonHingeGetJointAngle  10004e30 f   Newton.obj
 0001:00003e30       _NewtonUniversalGetJointAngle0 10004e30 f   Newton.obj
 0001:00003e30       _NewtonSliderGetJointPosit 10004e30 f   Newton.obj
 0001:00003e30       _NewtonCorkscrewGetJointAngle 10004e30 f   Newton.obj
 0001:00003e40       _NewtonSliderCalculateStopAccel 10004e40 f   Newton.obj
 0001:00003e70       _NewtonSliderGetJointForce 10004e70 f   Newton.obj
 0001:00003ea0       _NewtonConstraintCreateCorkscrew 10004ea0 f   Newton.obj
 0001:00003f00       _NewtonCorkscrewSetUserCallback 10004f00 f   Newton.obj
 0001:00003f00       _NewtonUniversalSetUserCallback 10004f00 f   Newton.obj
 0001:00003f10       _NewtonSliderGetJointVeloc 10004f10 f   Newton.obj
 0001:00003f10       _NewtonCorkscrewGetJointVeloc 10004f10 f   Newton.obj
 0001:00003f20       _NewtonCorkscrewCalculateStopAccel 10004f20 f   Newton.obj
 0001:00003f50       _NewtonConstraintCreateUniversal 10004f50 f   Newton.obj
 0001:00003fd0       _NewtonCorkscrewGetJointPosit 10004fd0 f   Newton.obj
 0001:00003fd0       _NewtonUniversalGetJointAngle1 10004fd0 f   Newton.obj
 0001:00003fe0       _NewtonUniversalGetJointOmega1 10004fe0 f   Newton.obj
 0001:00003ff0       _NewtonCorkscrewCalculateStopAlpha 10004ff0 f   Newton.obj
 0001:00003ff0       _NewtonUniversalCalculateStopAlpha0 10004ff0 f   Newton.obj
 0001:00004020       _NewtonUniversalCalculateStopAlpha1 10005020 f   Newton.obj
 0001:00004050       _NewtonCorkscrewGetJointForce 10005050 f   Newton.obj
 0001:00004050       _NewtonUniversalGetJointForce 10005050 f   Newton.obj
 0001:00004080       _NewtonConstraintCreateUpVector 10005080 f   Newton.obj
 0001:000040c0       _NewtonUpVectorGetPin      100050c0 f   Newton.obj
 0001:00004100       _NewtonUpVectorSetPin      10005100 f   Newton.obj
 0001:00004140       _NewtonConstraintCreateUserJoint 10005140 f   Newton.obj
 0001:00004180       _NewtonUserJointAddLinearRow 10005180 f   Newton.obj
 0001:00004250       _NewtonUserJointAddAngularRow 10005250 f   Newton.obj
 0001:000042e0       _NewtonUserJointAddGeneralRow 100052e0 f   Newton.obj
 0001:00004300       _NewtonUserJointSetRowMaximumFriction 10005300 f   Newton.obj
 0001:00004320       _NewtonUserJointSetRowMinimumFriction 10005320 f   Newton.obj
 0001:00004340       _NewtonUserJointSetRowAcceleration 10005340 f   Newton.obj
 0001:00004380       _NewtonUserJointSetRowSpringDamperAcceleration 10005380 f   Newton.obj
 0001:000043b0       _NewtonUserJointSetRowStiffness 100053b0 f   Newton.obj
 0001:000043d0       _NewtonUserJointGetRowForce 100053d0 f   Newton.obj
 0001:00004400       _NewtonUserJointSetFeedbackCollectorCallback 10005400 f   Newton.obj
 0001:00004410       _NewtonJointSetUserData    10005410 f   Newton.obj
 0001:00004420       _NewtonJointGetUserData    10005420 f   Newton.obj
 0001:00004430       _NewtonJointGetInfo        10005430 f   Newton.obj
 0001:00004450       _NewtonBreakableSegmentGetMaterial 10005450 f   Newton.obj
 0001:00004450       _NewtonJointGetBody0       10005450 f   Newton.obj
 0001:00004460       _NewtonJointGetBody1       10005460 f   Newton.obj
 0001:00004480       _NewtonJointSetCollisionState 10005480 f   Newton.obj
 0001:000044a0       _NewtonJointGetCollisionState 100054a0 f   Newton.obj
 0001:000044b0       _NewtonJointSetStiffness   100054b0 f   Newton.obj
 0001:000044d0       _NewtonJointGetStiffness   100054d0 f   Newton.obj
 0001:000044e0       _NewtonJointSetDestructor  100054e0 f   Newton.obj
 0001:000044f0       _NewtonDestroyJoint        100054f0 f   Newton.obj
 0001:00004540       _NewtonMeshCreate          10005540 f   Newton.obj
 0001:000045a0       _NewtonMeshCreateFromMesh  100055a0 f   Newton.obj
 0001:000045d0       _NewtonMeshCreateFromCollision 100055d0 f   Newton.obj
 0001:00004600       _NewtonMeshConvexHull      10005600 f   Newton.obj
 0001:00004650       _NewtonMeshCreatePlane     10005650 f   Newton.obj
 0001:000046b0       _NewtonMeshDestroy         100056b0 f   Newton.obj
 0001:000046d0       _NewtonMeshCalculateOOBB   100056d0 f   Newton.obj
 0001:00004720       _NewtonMeshCalculateVertexNormals 10005720 f   Newton.obj
 0001:00004740       _NewtonMeshApplySphericalMapping 10005740 f   Newton.obj
 0001:00004750       _NewtonMeshApplyBoxMapping 10005750 f   Newton.obj
 0001:00004770       _NewtonMeshApplyCylindricalMapping 10005770 f   Newton.obj
 0001:00004790       _NewtonMeshTriangulate     10005790 f   Newton.obj
 0001:000047a0       _NewtonMeshPolygonize      100057a0 f   Newton.obj
 0001:000047b0       _NewtonMeshIsOpenMesh      100057b0 f   Newton.obj
 0001:000047d0       _NewtonMeshFixTJoints      100057d0 f   Newton.obj
 0001:000047e0       _NewtonMeshClip            100057e0 f   Newton.obj
 0001:00004830       _NewtonMeshDifference      10005830 f   Newton.obj
 0001:00004830       _NewtonMeshIntersection    10005830 f   Newton.obj
 0001:00004830       _NewtonMeshUnion           10005830 f   Newton.obj
 0001:00004860       _NewtonRemoveUnusedVertices 10005860 f   Newton.obj
 0001:00004870       _NewtonMeshBeginFace       10005870 f   Newton.obj
 0001:000048a0       _NewtonMeshAddFace         100058a0 f   Newton.obj
 0001:000048c0       _NewtonMeshEndFace         100058c0 f   Newton.obj
 0001:000048d0       _NewtonMeshBuildFromVertexListIndexList 100058d0 f   Newton.obj
 0001:00004930       _NewtonMeshGetVertexCount  10005930 f   Newton.obj
 0001:00004940       _NewtonMeshGetVertexStrideInByte 10005940 f   Newton.obj
 0001:00004950       _NewtonMeshGetVertexArray  10005950 f   Newton.obj
 0001:00004960       _NewtonMeshGetPointCount   10005960 f   Newton.obj
 0001:00004970       _NewtonMeshGetPointStrideInByte 10005970 f   Newton.obj
 0001:00004980       _NewtonMeshGetPointArray   10005980 f   Newton.obj
 0001:00004990       _NewtonMeshGetNormalArray  10005990 f   Newton.obj
 0001:000049a0       _NewtonMeshGetUV0Array     100059a0 f   Newton.obj
 0001:000049b0       _NewtonMeshGetUV1Array     100059b0 f   Newton.obj
 0001:000049c0       _NewtonMeshGetVertexStreams 100059c0 f   Newton.obj
 0001:00004a00       _NewtonMeshGetIndirectVertexStreams 10005a00 f   Newton.obj
 0001:00004a60       _NewtonMeshBeginHandle     10005a60 f   Newton.obj
 0001:00004a70       _NewtonMeshEndHandle       10005a70 f   Newton.obj
 0001:00004aa0       _NewtonMeshFirstMaterial   10005aa0 f   Newton.obj
 0001:00004ab0       _NewtonMeshNextMaterial    10005ab0 f   Newton.obj
 0001:00004ad0       _NewtonMeshMaterialGetMaterial 10005ad0 f   Newton.obj
 0001:00004ae0       _NewtonMeshMaterialGetIndexCount 10005ae0 f   Newton.obj
 0001:00004af0       _NewtonMeshMaterialGetIndexStream 10005af0 f   Newton.obj
 0001:00004b10       _NewtonMeshMaterialGetIndexStreamShort 10005b10 f   Newton.obj
 0001:00004b30       _NewtonMeshCreateFirstSingleSegment 10005b30 f   Newton.obj
 0001:00004bb0       _NewtonMeshCreateNextSingleSegment 10005bb0 f   Newton.obj
 0001:00004c30       _NewtonMeshGetTotalFaceCount 10005c30 f   Newton.obj
 0001:00004c40       _NewtonMeshGetTotalIndexCount 10005c40 f   Newton.obj
 0001:00004c50       _NewtonMeshGetFaces        10005c50 f   Newton.obj
 0001:00004c70       _NewtonMeshGetFirstVertex  10005c70 f   Newton.obj
 0001:00004c80       _NewtonMeshGetNextVertex   10005c80 f   Newton.obj
 0001:00004c90       _NewtonMeshGetFirstPoint   10005c90 f   Newton.obj
 0001:00004ca0       _NewtonMeshGetNextPoint    10005ca0 f   Newton.obj
 0001:00004cb0       _NewtonMeshGetPointIndex   10005cb0 f   Newton.obj
 0001:00004cc0       _NewtonMeshGetVertexIndex  10005cc0 f   Newton.obj
 0001:00004cc0       _NewtonMeshGetVertexIndexFromPoint 10005cc0 f   Newton.obj
 0001:00004cd0       _NewtonMeshGetFirstEdge    10005cd0 f   Newton.obj
 0001:00004d20       _NewtonMeshGetNextEdge     10005d20 f   Newton.obj
 0001:00004d30       _NewtonMeshGetEdgeIndices  10005d30 f   Newton.obj
 0001:00004d50       _NewtonMeshGetFirstFace    10005d50 f   Newton.obj
 0001:00004da0       _NewtonMeshGetNextFace     10005da0 f   Newton.obj
 0001:00004db0       _NewtonMeshIsFaceOpen      10005db0 f   Newton.obj
 0001:00004dc0       _NewtonMeshGetFaceIndexCount 10005dc0 f   Newton.obj
 0001:00004de0       _NewtonMeshGetFaceMaterial 10005de0 f   Newton.obj
 0001:00004e00       _NewtonMeshGetFaceIndices  10005e00 f   Newton.obj
 0001:00004e20       _NewtonMeshGetFacePointIndices 10005e20 f   Newton.obj
 0001:00004e50       ?Unlink@?$dgList@VdgContactMaterial@@@@QAEXQAVdgListNode@1@@Z 10005e50 f i Newton.obj
 0001:00004eb0       ?SetAngularDamping@dgBody@@QAEXABVdgVector@@@Z 10005eb0 f i Newton.obj
 0001:00004f60       ?SetLinearDamping@dgBody@@QAEXN@Z 10005f60 f i Newton.obj
 0001:00004fd0       ?SetCentreOfMass@dgBody@@QAEXABVdgVector@@@Z 10005fd0 f i Newton.obj
 0001:00005080       ?SetTorque@dgBody@@QAEXABVdgVector@@@Z 10006080 f i Newton.obj
 0001:00005100       ?SetForce@dgBody@@QAEXABVdgVector@@@Z 10006100 f i Newton.obj
 0001:00005180       ?Scale@?$dgTemplateVector@N@@QBE?AV1@N@Z 10006180 f i Newton.obj
 0001:000051b0       ??L?$dgTemplateVector@N@@QBENABV0@@Z 100061b0 f i Newton.obj
 0001:000051d0       ??D?$dgTemplateVector@N@@QBE?AV0@ABV0@@Z 100061d0 f i Newton.obj
 0001:00005210       ??H?$dgTemplateVector@N@@QBE?AV0@ABV0@@Z 10006210 f i Newton.obj
 0001:00005240       ??G?$dgTemplateVector@N@@QBE?AV0@ABV0@@Z 10006240 f i Newton.obj
 0001:00005270       ??0?$dgTemplateVector@N@@QAE@NNNN@Z 10006270 f i Newton.obj
 0001:00005290       ?dgReleasedUserLock@dgWorld@@QBEXXZ 10006290 f i Newton.obj
 0001:000052b0       ?dgGetUserLock@dgWorld@@QBEXXZ 100062b0 f i Newton.obj
 0001:000052d0       ?Init@dgBilateralConstraint@@MAEXXZ 100062d0 f i NewtonClass.obj
 0001:000052e0       ?DestroyBodies@NewtonDeadBodies@@QAEXAAVNewton@@@Z 100062e0 f   NewtonClass.obj
 0001:000053e0       ?DestroyJoints@NewtonDeadJoints@@QAEXAAVNewton@@@Z 100063e0 f   NewtonClass.obj
 0001:00005480       ?__malloc__@dgGlobalAllocator@@SAPAXI@Z 10006480 f   corelib:dgMemory.obj
 0001:00005480       ?DefaultAllocMemory@Newton@@SAPAXH@Z 10006480 f   NewtonClass.obj
 0001:00005490       ?__free__@dgGlobalAllocator@@SAXPAXI@Z 10006490 f   corelib:dgMemory.obj
 0001:00005490       ?DefaultFreeMemory@Newton@@SAXPAXH@Z 10006490 f   NewtonClass.obj
 0001:000054a0       ??0Newton@@QAE@NQAVdgMemoryAllocator@@@Z 100064a0 f   NewtonClass.obj
 0001:00005520       ?DestroyBody@Newton@@QAEXPAVdgBody@@@Z 10006520 f   NewtonClass.obj
 0001:00005590       ??0NewtonUserJoint@@QAE@PAVdgWorld@@HP6AXPBUNewtonJoint@@NH@ZP6AX1PAUNewtonJointRecord@@@ZPAVdgBody@@5@Z 10006590 f   NewtonClass.obj
 0001:00005670       ??_GNewtonUserJoint@@UAEPAXI@Z 10006670 f i NewtonClass.obj
 0001:00005670       ??_ENewtonUserJoint@@UAEPAXI@Z 10006670 f i  CIL library: CIL module
 0001:000056d0       ?JacobianDerivative@NewtonUserJoint@@UAEIAAVdgContraintDescritor@@@Z 100066d0 f   NewtonClass.obj
 0001:00005710       ?AddLinearRowJacobian@NewtonUserJoint@@QAEXABVdgVector@@00@Z 10006710 f   NewtonClass.obj
 0001:000057a0       ?AddAngularRowJacobian@NewtonUserJoint@@QAEXABVdgVector@@N@Z 100067a0 f   NewtonClass.obj
 0001:00005840       ?AddGeneralRowJacobian@NewtonUserJoint@@QAEXPBN0@Z 10006840 f   NewtonClass.obj
 0001:000058d0       ?SetSpringDamperAcceleration@NewtonUserJoint@@QAEXNN@Z 100068d0 f   NewtonClass.obj
 0001:00005940       ?SetHighFriction@NewtonUserJoint@@QAEXN@Z 10006940 f   NewtonClass.obj
 0001:000059b0       ?SetLowerFriction@NewtonUserJoint@@QAEXN@Z 100069b0 f   NewtonClass.obj
 0001:00005a20       ?SetRowStiffness@NewtonUserJoint@@QAEXN@Z 10006a20 f   NewtonClass.obj
 0001:00005a80       ?GetInfo@NewtonUserJoint@@UBEXQAVdgConstraintInfo@@@Z 10006a80 f   NewtonClass.obj
 0001:00005ac0       ?Insert@?$dgTree@PAVdgConstraint@@PAX@@QAEPAVdgTreeNode@1@ABQAVdgConstraint@@PAXAA_N@Z 10006ac0 f i NewtonClass.obj
 0001:00005ac0       ?Insert@?$dgTree@PAVdgConstraint@@PAV1@@@QAEPAVdgTreeNode@1@ABQAVdgConstraint@@PAV3@AA_N@Z 10006ac0 f i Newton.obj
 0001:00005ac0       ?Insert@?$dgTree@PAVdgBody@@PAX@@QAEPAVdgTreeNode@1@ABQAVdgBody@@PAXAA_N@Z 10006ac0 f i NewtonClass.obj
 0001:00005b90       ?ModifierGetMatrix@dgCollision@@UBE?AVdgMatrix@@XZ 10006b90 f i physics:dgWorld.obj
 0001:00005bb0       ?Release@dgCollision@@UAEHXZ 10006bb0 f i physics:dgWorld.obj
 0001:00005bd0       ?GetBreakImpulse@dgCollision@@UBENXZ 10006bd0 f i physics:dgWorld.obj
 0001:00005be0       ??0dgWorld@@QAE@QAVdgMemoryAllocator@@@Z 10006be0 f   physics:dgWorld.obj
 0001:000061f0       ??1dgWorldDynamicUpdate@@QAE@XZ 100071f0 f i physics:dgWorld.obj
 0001:00006350       ??1dgWorld@@QAE@XZ         10007350 f   physics:dgWorld.obj
 0001:00006640       ?RemoveAllGroupID@dgWorld@@QAEXXZ 10007640 f   physics:dgWorld.obj
 0001:000066a0       ?DestroyAllBodies@dgWorld@@QAEXXZ 100076a0 f   physics:dgWorld.obj
 0001:000067b0       ?CreateBody@dgWorld@@QAEPAVdgBody@@QAVdgCollision@@ABVdgMatrix@@@Z 100077b0 f   physics:dgWorld.obj
 0001:00006940       ?UpdateCollision@dgWorld@@QAEXXZ 10007940 f   physics:dgWorld.obj
 0001:000069f0       ?Update@dgWorld@@QAEXN@Z   100079f0 f   physics:dgWorld.obj
 0001:00006af0       ?CreateHingeConstraint@dgWorld@@QAEPAVdgHingeConstraint@@ABVdgVector@@0QAVdgBody@@PAV4@@Z 10007af0 f   physics:dgWorld.obj
 0001:00006b80       ?CreateUpVectorConstraint@dgWorld@@QAEPAVdgUpVectorConstraint@@ABVdgVector@@PAVdgBody@@@Z 10007b80 f   physics:dgWorld.obj
 0001:00006c30       ?CreateSlidingConstraint@dgWorld@@QAEPAVdgSlidingConstraint@@ABVdgVector@@0QAVdgBody@@PAV4@@Z 10007c30 f   physics:dgWorld.obj
 0001:00006cc0       ?CreateCorkscrewConstraint@dgWorld@@QAEPAVdgCorkscrewConstraint@@ABVdgVector@@0QAVdgBody@@PAV4@@Z 10007cc0 f   physics:dgWorld.obj
 0001:00006d50       ?CreateUniversalConstraint@dgWorld@@QAEPAVdgUniversalConstraint@@ABVdgVector@@00QAVdgBody@@PAV4@@Z 10007d50 f   physics:dgWorld.obj
 0001:00006dd0       ?BodySetMatrix@dgWorld@@QAEXPAVdgBody@@ABVdgMatrix@@@Z 10007dd0 f   physics:dgWorld.obj
 0001:00007030       ?AreBodyConnectedByJoints@dgWorld@@AAE_NQAVdgBody@@0@Z 10008030 f   physics:dgWorld.obj
 0001:00007110       ?FlushCache@dgWorld@@QAEXXZ 10008110 f   physics:dgWorld.obj
 0001:00007170       ?ApplyExtenalForces@dgBody@@AAEXNH@Z 10008170 f i physics:dgBroadPhaseCollision.obj
 0001:000071e0       ?IsInEquelibrium@dgBody@@QBE_NXZ 100081e0 f i physics:dgBroadPhaseCollision.obj
 0001:00007310       ?Remove@dgSortArray@@QAEXQAVdgBody@@@Z 10008310 f   physics:dgBroadPhaseCollision.obj
 0001:00007380       ?Sort@dgSortArray@@QAENXZ  10008380 f   physics:dgBroadPhaseCollision.obj
 0001:000074b0       ?RayCast@dgSortArray@@QBENNABUdgLineBox@@P6ANQBVdgBody@@ABVdgVector@@HQAXN@ZP6AI1QBVdgCollision@@3@Z3@Z 100084b0 f   physics:dgBroadPhaseCollision.obj
 0001:00007550       ?Add@dgBroadPhaseCell@@AAEXQAVdgBody@@@Z 10008550 f   physics:dgBroadPhaseCollision.obj
 0001:00007600       ?Remove@dgBroadPhaseCell@@AAEXQAVdgBody@@@Z 10008600 f   physics:dgBroadPhaseCollision.obj
 0001:00007640       ?UpdateAutoPair@dgBroadPhaseCell@@AAEXQAVdgWorld@@H@Z 10008640 f   physics:dgBroadPhaseCollision.obj
 0001:00007770       ?Init@dgBroadPhaseLayer@@AAEXQAVdgWorld@@NH@Z 10008770 f   physics:dgBroadPhaseCollision.obj
 0001:00007790       ?FindCreate@dgBroadPhaseLayer@@AAEPAVdgBroadPhaseCell@@HH@Z 10008790 f   physics:dgBroadPhaseCollision.obj
 0001:000078c0       ??0dgBroadPhaseCollision@@AAE@PAVdgMemoryAllocator@@@Z 100088c0 f   physics:dgBroadPhaseCollision.obj
 0001:00007cb0       ??_EdgParallelSolverBodyInertia@@UAEPAXI@Z 10008cb0 f i  CIL library: CIL module
 0001:00007cb0       ??_GdgBroadPhaseCellPairsWorkerThread@@UAEPAXI@Z 10008cb0 f i physics:dgBroadPhaseCollision.obj
 0001:00007cb0       ??_EdgBroadPhaseCalculateContactsWorkerThread@@UAEPAXI@Z 10008cb0 f i  CIL library: CIL module
 0001:00007cb0       ??_EdgBroadPhaseApplyExternalForce@@UAEPAXI@Z 10008cb0 f i  CIL library: CIL module
 0001:00007cb0       ??_EdgParallelSolverBuildJacobianMatrix@@UAEPAXI@Z 10008cb0 f i  CIL library: CIL module
 0001:00007cb0       ??_EdgParallelSolverBuildJacobianRows@@UAEPAXI@Z 10008cb0 f i  CIL library: CIL module
 0001:00007cb0       ??_EdgParallelSolverCalculateForces@@UAEPAXI@Z 10008cb0 f i  CIL library: CIL module
 0001:00007cb0       ??_GdgParallelSolverUpdateForce@@UAEPAXI@Z 10008cb0 f i physics:dgWorldDynamicUpdate.obj
 0001:00007cb0       ??_EdgBroadPhaseCellPairsWorkerThread@@UAEPAXI@Z 10008cb0 f i  CIL library: CIL module
 0001:00007cb0       ??_GdgParallelSolverJointAcceleration@@UAEPAXI@Z 10008cb0 f i physics:dgWorldDynamicUpdate.obj
 0001:00007cb0       ??_GdgBroadPhaseMaterialCallbackWorkerThread@@UAEPAXI@Z 10008cb0 f i physics:dgBroadPhaseCollision.obj
 0001:00007cb0       ??_GdgParallelSolverBuildJacobianMatrix@@UAEPAXI@Z 10008cb0 f i physics:dgWorldDynamicUpdate.obj
 0001:00007cb0       ??_EdgParallelSolverUpdateForce@@UAEPAXI@Z 10008cb0 f i  CIL library: CIL module
 0001:00007cb0       ??_EdgParallelSolverInitInternalForces@@UAEPAXI@Z 10008cb0 f i  CIL library: CIL module
 0001:00007cb0       ??_GdgBroadPhaseCalculateContactsWorkerThread@@UAEPAXI@Z 10008cb0 f i physics:dgBroadPhaseCollision.obj
 0001:00007cb0       ??_GdgParallelSolverUpdateVeloc@@UAEPAXI@Z 10008cb0 f i physics:dgWorldDynamicUpdate.obj
 0001:00007cb0       ??_GdgParallelSolverInitInternalForces@@UAEPAXI@Z 10008cb0 f i physics:dgWorldDynamicUpdate.obj
 0001:00007cb0       ??_EdgSolverWorlkerThreads@@UAEPAXI@Z 10008cb0 f i  CIL library: CIL module
 0001:00007cb0       ??_EdgBroadPhaseMaterialCallbackWorkerThread@@UAEPAXI@Z 10008cb0 f i  CIL library: CIL module
 0001:00007cb0       ??_EdgParallelSolverClear@@UAEPAXI@Z 10008cb0 f i  CIL library: CIL module
 0001:00007cb0       ??_EdgParallelSolverUpdateVeloc@@UAEPAXI@Z 10008cb0 f i  CIL library: CIL module
 0001:00007cb0       ??_EdgParallelSolverInitFeedbackUpdate@@UAEPAXI@Z 10008cb0 f i  CIL library: CIL module
 0001:00007cb0       ??_GdgParallelSolverCalculateForces@@UAEPAXI@Z 10008cb0 f i physics:dgWorldDynamicUpdate.obj
 0001:00007cb0       ??_GdgWorkerThread@@UAEPAXI@Z 10008cb0 f i physics:dgWorld.obj
 0001:00007cb0       ??_GdgParallelSolverBodyInertia@@UAEPAXI@Z 10008cb0 f i physics:dgWorldDynamicUpdate.obj
 0001:00007cb0       ??_GdgParallelSolverInitFeedbackUpdate@@UAEPAXI@Z 10008cb0 f i physics:dgWorldDynamicUpdate.obj
 0001:00007cb0       ??_GdgParallelSolverBuildJacobianRows@@UAEPAXI@Z 10008cb0 f i physics:dgWorldDynamicUpdate.obj
 0001:00007cb0       ??_GdgSolverWorlkerThreads@@UAEPAXI@Z 10008cb0 f i physics:dgWorldDynamicUpdate.obj
 0001:00007cb0       ??_EdgParallelSolverJointAcceleration@@UAEPAXI@Z 10008cb0 f i  CIL library: CIL module
 0001:00007cb0       ??_GdgParallelSolverClear@@UAEPAXI@Z 10008cb0 f i physics:dgWorldDynamicUpdate.obj
 0001:00007cb0       ??_EdgWorkerThread@@UAEPAXI@Z 10008cb0 f i  CIL library: CIL module
 0001:00007cb0       ??_GdgBroadPhaseApplyExternalForce@@UAEPAXI@Z 10008cb0 f i physics:dgBroadPhaseCollision.obj
 0001:00007cd0       ??1dgBroadPhaseCollision@@AAE@XZ 10008cd0 f   physics:dgBroadPhaseCollision.obj
 0001:00007de0       ?SetWorldSize@dgBroadPhaseCollision@@QAEXABVdgVector@@0@Z 10008de0 f   physics:dgBroadPhaseCollision.obj
 0001:000080c0       ?InvalidateCache@dgBroadPhaseCollision@@AAEXXZ 100090c0 f   physics:dgBroadPhaseCollision.obj
 0001:00008140       ?Remove@dgBroadPhaseCollision@@AAEXQAVdgBody@@@Z 10009140 f   physics:dgBroadPhaseCollision.obj
 0001:000081e0       ?UpdatePairs@dgBroadPhaseCollision@@ABEXQAVdgBody@@QAVdgListNode@?$dgList@VdgSortArrayEntry@@@@HH@Z 100091e0 f   physics:dgBroadPhaseCollision.obj
 0001:000082e0       ?UpdatePairs@dgBroadPhaseCollision@@ABEXAAVdgBroadPhaseCell@@0H@Z 100092e0 f   physics:dgBroadPhaseCollision.obj
 0001:00008350       ?ForEachBodyInAABB@dgBroadPhaseCollision@@QBEXABVdgVector@@0P6AXPAVdgBody@@QAX@Z2@Z 10009350 f   physics:dgBroadPhaseCollision.obj
 0001:000086c0       ?ConvexCast@dgBroadPhaseCollision@@QBEHQAVdgCollision@@ABVdgMatrix@@ABVdgVector@@AANP6AIQBVdgBody@@QBV2@QAX@Z6QAVdgConvexCastReturnInfo@@HH@Z 100096c0 f   physics:dgBroadPhaseCollision.obj
 0001:00009130       ?Realloc@dgBroadPhaseCalculateContactsWorkerThread@@QAEXHHH@Z 1000a130 f   physics:dgBroadPhaseCollision.obj
 0001:00009280       ?ThreadExecute@dgBroadPhaseCellPairsWorkerThread@@UAEXXZ 1000a280 f   physics:dgBroadPhaseCollision.obj
 0001:000092f0       ?ThreadExecute@dgBroadPhaseApplyExternalForce@@UAEXXZ 1000a2f0 f   physics:dgBroadPhaseCollision.obj
 0001:00009450       ?ThreadExecute@dgBroadPhaseCalculateContactsWorkerThread@@UAEXXZ 1000a450 f   physics:dgBroadPhaseCollision.obj
 0001:000095e0       ?ThreadExecute@dgBroadPhaseMaterialCallbackWorkerThread@@UAEXXZ 1000a5e0 f   physics:dgBroadPhaseCollision.obj
 0001:000096b0       ?RayCast@dgBroadPhaseCollision@@QBEXABVdgVector@@0P6ANQBVdgBody@@0HQAXN@ZP6AI1QBVdgCollision@@2@Z2@Z 1000a6b0 f   physics:dgBroadPhaseCollision.obj
 0001:0000a030       ?UpdateBodyBroadphase@dgBroadPhaseCollision@@AAEXQAVdgBody@@H@Z 1000b030 f   physics:dgBroadPhaseCollision.obj
 0001:0000a500       ?UpdateContactsBroadPhaseBegin@dgBroadPhaseCollision@@AAEIN_NI@Z 1000b500 f   physics:dgBroadPhaseCollision.obj
 0001:0000af30       ?UpdateContactsBroadPhaseEnd@dgBroadPhaseCollision@@AAEXN@Z 1000bf30 f   physics:dgBroadPhaseCollision.obj
 0001:0000aff0       ?UpdateContacts@dgBroadPhaseCollision@@AAEXN_N@Z 1000bff0 f   physics:dgBroadPhaseCollision.obj
 0001:0000b220       ??Z?$dgTemplateVector@N@@QAEAAV0@ABV0@@Z 1000c220 f i physics:dgBroadPhaseCollision.obj
 0001:0000b240       ?Append@?$dgList@VdgSortArrayEntry@@@@QAEPAVdgListNode@1@XZ 1000c240 f i physics:dgBroadPhaseCollision.obj
 0001:0000b2c0       ?Remove@?$dgTree@VdgBroadPhaseCell@@I@@QAEXQAVdgTreeNode@1@@Z 1000c2c0 f i physics:dgBroadPhaseCollision.obj
 0001:0000b2e0       ?RemoveAll@?$dgList@VdgSortArrayEntry@@@@QAEXXZ 1000c2e0 f i physics:dgBroadPhaseCollision.obj
 0001:0000b330       ?Insert@?$dgTree@VdgBroadPhaseCell@@I@@QAEPAVdgTreeNode@1@ABVdgBroadPhaseCell@@IAA_N@Z 1000c330 f i physics:dgBroadPhaseCollision.obj
 0001:0000b410       ?AddDamingAcceleration@dgBody@@AAEXXZ 1000c410 f i physics:dgWorldDynamicUpdate.obj
 0001:0000b550       ??0dgWorldDynamicUpdate@@AAE@XZ 1000c550 f   physics:dgWorldDynamicUpdate.obj
 0001:0000b9d0       ?UpdateDynamics@dgWorldDynamicUpdate@@AAEXQAVdgWorld@@HN@Z 1000c9d0 f   physics:dgWorldDynamicUpdate.obj
 0001:0000be30       ?ThreadExecute@dgSolverWorlkerThreads@@UAEXXZ 1000ce30 f   physics:dgWorldDynamicUpdate.obj
 0001:0000c5c0       ?ReallocBodyMemory@dgWorldDynamicUpdate@@AAEXH@Z 1000d5c0 f   physics:dgWorldDynamicUpdate.obj
 0001:0000c6d0       ?ReallocIslandMemory@dgWorldDynamicUpdate@@AAEXH@Z 1000d6d0 f   physics:dgWorldDynamicUpdate.obj
 0001:0000c800       ?ReallocJointsMemory@dgWorldDynamicUpdate@@AAEXH@Z 1000d800 f   physics:dgWorldDynamicUpdate.obj
 0001:0000c930       ?ReallocJacobiansMemory@dgWorldDynamicUpdate@@AAEXHH@Z 1000d930 f   physics:dgWorldDynamicUpdate.obj
 0001:0000cc10       ?ReallocIntenalForcesMemory@dgWorldDynamicUpdate@@AAEXHH@Z 1000dc10 f   physics:dgWorldDynamicUpdate.obj
 0001:0000cda0       ?BuildIsland@dgWorldDynamicUpdate@@AAEXAAV?$dgQueue@PAVdgBody@@@@HHH@Z 1000dda0 f   physics:dgWorldDynamicUpdate.obj
 0001:0000cfd0       ?SpanningTree@dgWorldDynamicUpdate@@AAEXQAVdgBody@@@Z 1000dfd0 f   physics:dgWorldDynamicUpdate.obj
 0001:0000d3c0       ?IntegrateArray@dgWorldDynamicUpdate@@ABEXPBVdgBodyInfo@@HNNH_N@Z 1000e3c0 f   physics:dgWorldDynamicUpdate.obj
 0001:0000da30       ?GetJacobialDerivatives@dgWorldDynamicUpdate@@AAEHABVdgIsland@@H_NHN@Z 1000ea30 f   physics:dgWorldDynamicUpdate.obj
 0001:0000dfc0       ?BuildJacobianMatrix@dgWorldDynamicUpdate@@AAEXABVdgIsland@@HN@Z 1000efc0 f   physics:dgWorldDynamicUpdate.obj
 0001:0000e5b0       ?ApplyExternalForcesAndAcceleration@dgJacobianMemory@@QBEXN@Z 1000f5b0 f   physics:dgWorldDynamicUpdate.obj
 0001:0000eba0       ?SwapRows@dgJacobianMemory@@QBEXHH@Z 1000fba0 f   physics:dgWorldDynamicUpdate.obj
 0001:0000ed20       ?CalculateSimpleBodyReactionsForces@dgJacobianMemory@@QBEXN@Z 1000fd20 f   physics:dgWorldDynamicUpdate.obj
 0001:0000fb70       ?CalculateForcesSimulationMode@dgJacobianMemory@@QBEXN@Z 10010b70 f   physics:dgWorldDynamicUpdate.obj
 0001:00011d60       ?CalculateJointForces@dgJacobianMemory@@QBENHPANN@Z 10012d60 f   physics:dgWorldDynamicUpdate.obj
 0001:00012960       ?CalculateForcesGameMode@dgJacobianMemory@@QBEXHN@Z 10013960 f   physics:dgWorldDynamicUpdate.obj
 0001:000139e0       ?ThreadExecute@dgParallelSolverBodyInertia@@UAEXXZ 100149e0 f   physics:dgWorldDynamicUpdate.obj
 0001:00013a40       ?ThreadExecute@dgParallelSolverBuildJacobianRows@@UAEXXZ 10014a40 f   physics:dgWorldDynamicUpdate.obj
 0001:00013e60       ?ThreadExecute@dgParallelSolverBuildJacobianMatrix@@UAEXXZ 10014e60 f   physics:dgWorldDynamicUpdate.obj
 0001:00014470       ?GetJacobialDerivativesParallel@dgWorldDynamicUpdate@@AAEHABVdgIsland@@_NHN@Z 10015470 f   physics:dgWorldDynamicUpdate.obj
 0001:00014580       ?BuildJacobianMatrixParallel@dgWorldDynamicUpdate@@AAEXABVdgIsland@@NH@Z 10015580 f   physics:dgWorldDynamicUpdate.obj
 0001:00014940       ?ThreadExecute@dgParallelSolverClear@@UAEXXZ 10015940 f   physics:dgWorldDynamicUpdate.obj
 0001:00014a40       ?ThreadExecute@dgParallelSolverInitInternalForces@@UAEXXZ 10015a40 f   physics:dgWorldDynamicUpdate.obj
 0001:00014d40       ?ThreadExecute@dgParallelSolverJointAcceleration@@UAEXXZ 10015d40 f   physics:dgWorldDynamicUpdate.obj
 0001:00014ee0       ?ThreadExecute@dgParallelSolverUpdateVeloc@@UAEXXZ 10015ee0 f   physics:dgWorldDynamicUpdate.obj
 0001:000150d0       ?ThreadExecute@dgParallelSolverUpdateForce@@UAEXXZ 100160d0 f   physics:dgWorldDynamicUpdate.obj
 0001:00015410       ?ThreadExecute@dgParallelSolverInitFeedbackUpdate@@UAEXXZ 10016410 f   physics:dgWorldDynamicUpdate.obj
 0001:00015530       ?ThreadExecute@dgParallelSolverCalculateForces@@UAEXXZ 10016530 f   physics:dgWorldDynamicUpdate.obj
 0001:00015b70       ?CalculateForcesGameModeParallel@dgJacobianMemory@@QBEXHNH@Z 10016b70 f   physics:dgWorldDynamicUpdate.obj
 0001:00016470       ??Y?$dgTemplateVector@N@@QAEAAV0@ABV0@@Z 10017470 f i physics:dgWorldDynamicUpdate.obj
 0001:00016490       ?CompProduct@?$dgTemplateVector@N@@QBE?AV1@ABV1@@Z 10017490 f i physics:dgWorldDynamicUpdate.obj
 0001:000164c0       ??$dgSort@VdgIsland@@@@YAXQAVdgIsland@@HP6AHQBV0@1QAX@Z2@Z 100174c0 f i physics:dgWorldDynamicUpdate.obj
 0001:00016700       ?AddToBreakQueue@dgWorld@@QAEXQBVdgContact@@QAVdgBody@@N@Z 10017700 f i physics:dgNarrowPhaseCollision.obj
 0001:000167b0       ?CreateNull@dgWorld@@QAEPAVdgCollision@@XZ 100177b0 f   physics:dgNarrowPhaseCollision.obj
 0001:00016860       ?CreateBox@dgWorld@@QAEPAVdgCollision@@NNNHABVdgMatrix@@@Z 10017860 f   physics:dgNarrowPhaseCollision.obj
 0001:00016ae0       ?CreateSphere@dgWorld@@QAEPAVdgCollision@@NHABVdgMatrix@@@Z 10017ae0 f   physics:dgNarrowPhaseCollision.obj
 0001:00016cc0       ?CreateEllipse@dgWorld@@QAEPAVdgCollision@@NNNHABVdgMatrix@@@Z 10017cc0 f   physics:dgNarrowPhaseCollision.obj
 0001:00016f40       ?CreateCapsule@dgWorld@@QAEPAVdgCollision@@NNHABVdgMatrix@@@Z 10017f40 f   physics:dgNarrowPhaseCollision.obj
 0001:00017180       ?CreateCone@dgWorld@@QAEPAVdgCollision@@NNHABVdgMatrix@@@Z 10018180 f   physics:dgNarrowPhaseCollision.obj
 0001:000173b0       ?CreateCylinder@dgWorld@@QAEPAVdgCollision@@NNHABVdgMatrix@@@Z 100183b0 f   physics:dgNarrowPhaseCollision.obj
 0001:000175f0       ?CreateChamferCylinder@dgWorld@@QAEPAVdgCollision@@NNHABVdgMatrix@@@Z 100185f0 f   physics:dgNarrowPhaseCollision.obj
 0001:00017830       ?CreateConvexHull@dgWorld@@QAEPAVdgCollision@@HPBNHNHABVdgMatrix@@@Z 10018830 f   physics:dgNarrowPhaseCollision.obj
 0001:00017a90       ?CreateCollisionCompoundBreakable@dgWorld@@QAEPAVdgCollision@@HQBQBVdgMeshEffect@@QBHQBN1HN@Z 10018a90 f   physics:dgNarrowPhaseCollision.obj
 0001:00017ac0       ?CreateBVHFieldCollision@dgWorld@@QAEPAVdgCollision@@HHHQBGQBDNN@Z 10018ac0 f   physics:dgNarrowPhaseCollision.obj
 0001:00017b20       ?Serialize@dgWorld@@QBEXPAVdgCollision@@P6AXPAXPBXI@ZQAX@Z 10018b20 f   physics:dgNarrowPhaseCollision.obj
 0001:00017b80       ?CreateFromSerialization@dgWorld@@QAEPAVdgCollision@@P6AXPAX0I@ZQAX@Z 10018b80 f   physics:dgNarrowPhaseCollision.obj
 0001:00017f90       ?GetMaterial@dgWorld@@QBEPAVdgContactMaterial@@II@Z 10018f90 f   physics:dgNarrowPhaseCollision.obj
 0001:00017fe0       ?GetNextMaterial@dgWorld@@QBEPAVdgContactMaterial@@PAV2@@Z 10018fe0 f   physics:dgNarrowPhaseCollision.obj
 0001:00018030       ?CreateBodyGroupID@dgWorld@@QAEIXZ 10019030 f   physics:dgNarrowPhaseCollision.obj
 0001:000180b0       ?RemoveFromCache@dgWorld@@QAEXQAVdgCollision@@@Z 100190b0 f   physics:dgNarrowPhaseCollision.obj
 0001:00018110       ?ReleaseCollision@dgWorld@@QAEXQAVdgCollision@@@Z 10019110 f   physics:dgNarrowPhaseCollision.obj
 0001:000181b0       ?ClosestPoint@dgWorld@@QBEHAAVdgTriplex@@QAVdgCollision@@ABVdgMatrix@@00H@Z 100191b0 f   physics:dgNarrowPhaseCollision.obj
 0001:00018240       ?ClosestPoint@dgWorld@@QBEHQAVdgCollision@@ABVdgMatrix@@01AAVdgTriplex@@22H@Z 10019240 f   physics:dgNarrowPhaseCollision.obj
 0001:000184d0       ?ReduceContacts@dgWorld@@ABEHHQAVdgContactPoint@@HNH@Z 100194d0 f   physics:dgNarrowPhaseCollision.obj
 0001:00018690       ?PruneContacts@dgWorld@@ABEHHQAVdgContactPoint@@H@Z 10019690 f   physics:dgNarrowPhaseCollision.obj
 0001:00018840       ?ProcessCachedContacts@dgWorld@@ABEXQAVdgContact@@QBVdgContactMaterial@@NH@Z 10019840 f   physics:dgNarrowPhaseCollision.obj
 0001:00018910       ?ProcessTriggers@dgWorld@@AAEXQAUdgPair@dgCollidingPairCollector@@NH@Z 10019910 f   physics:dgNarrowPhaseCollision.obj
 0001:000189f0       ?ProcessContacts@dgWorld@@AAEXQAUdgPair@dgCollidingPairCollector@@NH@Z 100199f0 f   physics:dgNarrowPhaseCollision.obj
 0001:00019740       ?ValidateContactCache@dgWorld@@ABEHQAVdgBody@@0QAVdgContact@@@Z 1001a740 f   physics:dgNarrowPhaseCollision.obj
 0001:00019c70       ?CompoundContactsSimd@dgWorld@@ABEXQAUdgPair@dgCollidingPairCollector@@AAVdgCollisionParamProxi@@@Z 1001ac70 f   physics:dgNarrowPhaseCollision.obj
 0001:00019ce0       ?CompoundContacts@dgWorld@@ABEXQAUdgPair@dgCollidingPairCollector@@AAVdgCollisionParamProxi@@@Z 1001ace0 f   physics:dgNarrowPhaseCollision.obj
 0001:00019d50       ?ConvexContactsSimd@dgWorld@@ABEXQAUdgPair@dgCollidingPairCollector@@AAVdgCollisionParamProxi@@@Z 1001ad50 f   physics:dgNarrowPhaseCollision.obj
 0001:00019e80       ?ConvexContacts@dgWorld@@ABEXQAUdgPair@dgCollidingPairCollector@@AAVdgCollisionParamProxi@@@Z 1001ae80 f   physics:dgNarrowPhaseCollision.obj
 0001:00019fc0       ?SceneContacts@dgWorld@@ABEXABUdgProxy@dgCollisionScene@@QAUdgPair@dgCollidingPairCollector@@AAVdgCollisionParamProxi@@@Z 1001afc0 f   physics:dgNarrowPhaseCollision.obj
 0001:0001a090       ?SceneContacts@dgWorld@@ABEXQAUdgPair@dgCollidingPairCollector@@AAVdgCollisionParamProxi@@@Z 1001b090 f   physics:dgNarrowPhaseCollision.obj
 0001:0001a150       ?SceneContactsSimd@dgWorld@@ABEXQAUdgPair@dgCollidingPairCollector@@AAVdgCollisionParamProxi@@@Z 1001b150 f   physics:dgNarrowPhaseCollision.obj
 0001:0001a210       ?CalculateContactsSimd@dgWorld@@AAEXQAUdgPair@dgCollidingPairCollector@@NH@Z 1001b210 f   physics:dgNarrowPhaseCollision.obj
 0001:0001a370       ?CalculateContacts@dgWorld@@AAEXQAUdgPair@dgCollidingPairCollector@@NH@Z 1001b370 f   physics:dgNarrowPhaseCollision.obj
 0001:0001a4f0       ?CollideContinueSimd@dgWorld@@QAEHPAVdgCollision@@ABVdgMatrix@@ABVdgVector@@20122AANPAVdgTriplex@@4PANHH@Z 1001b4f0 f   physics:dgNarrowPhaseCollision.obj
 0001:0001ab80       ?CollideContinue@dgWorld@@QAEHPAVdgCollision@@ABVdgMatrix@@ABVdgVector@@20122AANPAVdgTriplex@@4PANHH@Z 1001bb80 f   physics:dgNarrowPhaseCollision.obj
 0001:0001b250       ?Collide@dgWorld@@QAEHPAVdgCollision@@ABVdgMatrix@@01PAVdgTriplex@@2PANHH@Z 1001c250 f   physics:dgNarrowPhaseCollision.obj
 0001:0001b730       ?Append@?$dgList@VdgContactMaterial@@@@QAEPAVdgListNode@1@XZ 1001c730 f i physics:dgNarrowPhaseCollision.obj
 0001:0001b7c0       ?Insert@?$dgTree@PAVdgCollision@@I@@QAEPAVdgTreeNode@1@ABQAVdgCollision@@I@Z 1001c7c0 f i physics:dgNarrowPhaseCollision.obj
 0001:0001b7e0       ??$dgSort@VdgContactPoint@@@@YAXQAVdgContactPoint@@HP6AHQBV0@1QAX@Z2@Z 1001c7e0 f i physics:dgNarrowPhaseCollision.obj
 0001:0001b9c0       ?Insert@?$dgTree@VdgContactMaterial@@I@@QAEPAVdgTreeNode@1@ABVdgContactMaterial@@IAA_N@Z 1001c9c0 f i physics:dgNarrowPhaseCollision.obj
 0001:0001bab0       ??0dgMeshEffectBuilder@@QAE@XZ 1001cab0 f i physics:dgMeshEffect.obj
 0001:0001bb60       ?GetShapeFromCollision@dgMeshEffectBuilder@@SAXPAXHPBNH@Z 1001cb60 f i physics:dgMeshEffect.obj
 0001:0001bd30       ??_EdgMeshEffect@@UAEPAXI@Z 1001cd30 f i  CIL library: CIL module
 0001:0001bd30       ??_GdgMeshEffect@@UAEPAXI@Z 1001cd30 f i physics:dgMeshEffect.obj
 0001:0001bd60       ??0dgMeshEffect@@QAE@AAVdgPolyhedra@@ABV0@@Z 1001cd60 f   physics:dgMeshEffect.obj
 0001:0001be80       ??0dgMeshEffect@@QAE@ABV0@@Z 1001ce80 f   physics:dgMeshEffect.obj
 0001:0001bfa0       ??0dgMeshEffect@@QAE@QAVdgCollision@@@Z 1001cfa0 f   physics:dgMeshEffect.obj
 0001:0001c300       ??1dgMeshEffect@@UAE@XZ    1001d300 f   physics:dgMeshEffect.obj
 0001:0001c390       ?Init@dgMeshEffect@@AAEX_N@Z 1001d390 f   physics:dgMeshEffect.obj
 0001:0001c430       ?Triangulate@dgMeshEffect@@QAEXXZ 1001d430 f   physics:dgMeshEffect.obj
 0001:0001c740       ?ConvertToPolygons@dgMeshEffect@@QAEXXZ 1001d740 f   physics:dgMeshEffect.obj
 0001:0001ca50       ?RemoveUnusedVertices@dgMeshEffect@@QAEXQAH@Z 1001da50 f   physics:dgMeshEffect.obj
 0001:0001ce90       ?CalculateOOBB@dgMeshEffect@@QBE?AVdgMatrix@@AAVdgVector@@@Z 1001de90 f   physics:dgMeshEffect.obj
 0001:0001cfd0       ?CalculateAABB@dgMeshEffect@@QBEXAAVdgVector@@0@Z 1001dfd0 f   physics:dgMeshEffect.obj
 0001:0001d110       ?EnumerateAttributeArray@dgMeshEffect@@AAEXPAUdgVertexAtribute@1@@Z 1001e110 f   physics:dgMeshEffect.obj
 0001:0001d1c0       ?ApplyAttributeArray@dgMeshEffect@@AAEXPAUdgVertexAtribute@1@@Z 1001e1c0 f   physics:dgMeshEffect.obj
 0001:0001d340       ?FixCylindricalMapping@dgMeshEffect@@ABEXPAUdgVertexAtribute@1@@Z 1001e340 f   physics:dgMeshEffect.obj
 0001:0001d4f0       ?SphericalMapping@dgMeshEffect@@QAEXH@Z 1001e4f0 f   physics:dgMeshEffect.obj
 0001:0001d770       ?CylindricalMapping@dgMeshEffect@@QAEXHH@Z 1001e770 f   physics:dgMeshEffect.obj
 0001:0001dbc0       ?BoxMapping@dgMeshEffect@@QAEXHHH@Z 1001ebc0 f   physics:dgMeshEffect.obj
 0001:0001df20       ?CalculateNormals@dgMeshEffect@@QAEXN@Z 1001ef20 f   physics:dgMeshEffect.obj
 0001:0001e280       ?AddAtribute@dgMeshEffect@@AAEXABUdgVertexAtribute@1@@Z 1001f280 f   physics:dgMeshEffect.obj
 0001:0001e340       ?AddVertex@dgMeshEffect@@AAEXABVdgVector@@@Z 1001f340 f   physics:dgMeshEffect.obj
 0001:0001e420       ?AddPoint@dgMeshEffect@@AAEXPBNH@Z 1001f420 f   physics:dgMeshEffect.obj
 0001:0001e4d0       ?PackVertexArrays@dgMeshEffect@@QAEXXZ 1001f4d0 f   physics:dgMeshEffect.obj
 0001:0001e5f0       ?AddPolygon@dgMeshEffect@@QAEXHPBNHH@Z 1001f5f0 f   physics:dgMeshEffect.obj
 0001:0001e760       ?EndPolygon@dgMeshEffect@@QAEXXZ 1001f760 f   physics:dgMeshEffect.obj
 0001:0001ea50       ?BuildFromVertexListIndexList@dgMeshEffect@@QAEXHQBH0QBNH01H01H01H0@Z 1001fa50 f   physics:dgMeshEffect.obj
 0001:0001ef90       ?GetTotalIndexCount@dgMeshEffect@@QBEHXZ 1001ff90 f   physics:dgMeshEffect.obj
 0001:0001f020       ?GetFaces@dgMeshEffect@@QBEXQAH0QAPAX@Z 10020020 f   physics:dgMeshEffect.obj
 0001:0001f130       ?GetFirstVertex@dgMeshEffect@@QAEPAXXZ 10020130 f   physics:dgMeshEffect.obj
 0001:0001f190       ?GetNextVertex@dgMeshEffect@@QAEPAXPBX@Z 10020190 f   physics:dgMeshEffect.obj
 0001:0001f240       ?GetFirstPoint@dgMeshEffect@@QAEPAXXZ 10020240 f   physics:dgMeshEffect.obj
 0001:0001f2d0       ?GetNextPoint@dgMeshEffect@@QAEPAXPBX@Z 100202d0 f   physics:dgMeshEffect.obj
 0001:0001f370       ?ConectVertex@dgMeshEffect@@QAEPAVdgEdge@@QAV2@0@Z 10020370 f   physics:dgMeshEffect.obj
 0001:0001f3f0       ?GetNextEdge@dgMeshEffect@@QAEPAXPBX@Z 100203f0 f   physics:dgMeshEffect.obj
 0001:0001f490       ?GetNextFace@dgMeshEffect@@QAEPAXPBX@Z 10020490 f   physics:dgMeshEffect.obj
 0001:0001f530       ?GetVertexStreams@dgMeshEffect@@QAEXHPANH0H0H0@Z 10020530 f   physics:dgMeshEffect.obj
 0001:0001f630       ?GetIndirectVertexStreams@dgMeshEffect@@QAEXHPANPAH1H011H011H011@Z 10020630 f   physics:dgMeshEffect.obj
 0001:0001fa80       ?MaterialGeomteryBegin@dgMeshEffect@@QAEPAUdgIndexArray@1@XZ 10020a80 f   physics:dgMeshEffect.obj
 0001:0001fcf0       ?GetMaterialGetIndexStream@dgMeshEffect@@QAEXPAUdgIndexArray@1@HPAH@Z 10020cf0 f   physics:dgMeshEffect.obj
 0001:0001fd50       ?GetMaterialGetIndexStreamShort@dgMeshEffect@@QAEXPAUdgIndexArray@1@HPAF@Z 10020d50 f   physics:dgMeshEffect.obj
 0001:0001fdc0       ?CreateConvexCollision@dgMeshEffect@@QBEPAVdgCollision@@NHABVdgMatrix@@@Z 10020dc0 f   physics:dgMeshEffect.obj
 0001:00020160       ?InterpolateEdge@dgMeshEffect@@ABE?AUdgVertexAtribute@1@QAVdgEdge@@N@Z 10021160 f   physics:dgMeshEffect.obj
 0001:00020230       ?InsertEdgeVertex@dgMeshEffect@@QAEPAVdgEdge@@QAV2@N@Z 10021230 f   physics:dgMeshEffect.obj
 0001:00020340       ?HasOpenEdges@dgMeshEffect@@QBE_NXZ 10021340 f   physics:dgMeshEffect.obj
 0001:000203c0       ?WeldTJoints@dgMeshEffect@@QAEXXZ 100213c0 f   physics:dgMeshEffect.obj
 0001:00020960       ??EIterator@?$dgTree@VdgEdge@@_J@@QAEXH@Z 10021960 f i physics:dgMeshEffect.obj
 0001:000209a0       ??0?$dgStack@VdgVector@@@@QAE@H@Z 100219a0 f i physics:dgMeshEffect.obj
 0001:000209a0       ??0?$dgStack@VdgBigVector@@@@QAE@H@Z 100219a0 f i corelib:dgConvexHull3d.obj
 0001:00020a00       ??0?$dgStack@UdgVertexAtribute@dgMeshEffect@@@@QAE@H@Z 10021a00 f i physics:dgMeshEffect.obj
 0001:00020a60       ??_EdgMeshEffect@@WBM@AEPAXI@Z 10021a60 f i physics:dgMeshEffect.obj
 0001:00020a70       ??_GdgRefCounter@@MAEPAXI@Z 10021a70 f i physics:dgMeshEffect.obj
 0001:00020a70       ??_EdgRefCounter@@MAEPAXI@Z 10021a70 f i  CIL library: CIL module
 0001:00020a90       ??0dgMeshEffect@@QAE@QAVdgMemoryAllocator@@QBNHHN@Z 10021a90 f   physics:dgMeshEffect2.obj
 0001:00020e70       ??1dgEdgeMap@Tetrahedralization@@QAE@XZ 10021e70 f i physics:dgMeshEffect2.obj
 0001:00020ed0       ??0Tetrahedralization@@QAE@AAVdgMeshEffect@@@Z 10021ed0 f i physics:dgMeshEffect2.obj
 0001:00020f60       ??1Tetrahedralization@@UAE@XZ 10021f60 f i physics:dgMeshEffect2.obj
 0001:00020fe0       ?RecoverEdges@Tetrahedralization@@QAEXXZ 10021fe0 f i physics:dgMeshEffect2.obj
 0001:000215b0       ?RemoveDegeneratedTetras@Tetrahedralization@@QAEXXZ 100225b0 f i physics:dgMeshEffect2.obj
 0001:00021860       ?MatchFace@Tetrahedralization@@QBE_NAAVdgMeshEffect@@QAVdgEdge@@H@Z 10022860 f i physics:dgMeshEffect2.obj
 0001:00021a60       ?RecoverFace@Tetrahedralization@@QBEXAAVdgMeshEffect@@QAVdgEdge@@HHAAV?$dgTree@PAVdgEdge@@PAV1@@@@Z 10022a60 f i physics:dgMeshEffect2.obj
 0001:00021f60       ?CreateIndexMap@Tetrahedralization@@QAEXXZ 10022f60 f i physics:dgMeshEffect2.obj
 0001:00022000       ?InsertNewNode@Tetrahedralization@@QAEXHHQAVdgListNode@?$dgList@VdgConvexHull4dTetraherum@@@@@Z 10023000 f i physics:dgMeshEffect2.obj
 0001:000220b0       ?AddEdges@Tetrahedralization@@QAEXQAVdgListNode@?$dgList@VdgConvexHull4dTetraherum@@@@@Z 100230b0 f i physics:dgMeshEffect2.obj
 0001:00022110       ?RemoveNode@Tetrahedralization@@QAEXHHQAVdgListNode@?$dgList@VdgConvexHull4dTetraherum@@@@@Z 10023110 f i physics:dgMeshEffect2.obj
 0001:00022260       ?RemoveEdges@Tetrahedralization@@QAEXQAVdgListNode@?$dgList@VdgConvexHull4dTetraherum@@@@@Z 10023260 f i physics:dgMeshEffect2.obj
 0001:000222b0       ?AddFace@Tetrahedralization@@UAEPAVdgListNode@?$dgList@VdgConvexHull4dTetraherum@@@@HHHH@Z 100232b0 f i physics:dgMeshEffect2.obj
 0001:000222e0       ?DeleteFace@Tetrahedralization@@UAEXQAVdgListNode@?$dgList@VdgConvexHull4dTetraherum@@@@@Z 100232e0 f i physics:dgMeshEffect2.obj
 0001:00022380       ?RecoverFaces@Tetrahedralization@@QAEXXZ 10023380 f i physics:dgMeshEffect2.obj
 0001:000227f0       ??_GTetrahedralization@@UAEPAXI@Z 100237f0 f i physics:dgMeshEffect2.obj
 0001:000227f0       ??_ETetrahedralization@@UAEPAXI@Z 100237f0 f i  CIL library: CIL module
 0001:00022820       ?CreateConvexApproximationCollision@dgMeshEffect@@QBEPAVdgCollision@@QAVdgWorld@@HHH@Z 10023820 f   physics:dgMeshEffect2.obj
 0001:00022d30       ?Scale4@?$dgTemplateVector@N@@QBE?AV1@N@Z 10023d30 f i physics:dgMeshEffect2.obj
 0001:00022d70       ?Add4@?$dgTemplateVector@N@@QBE?AV1@ABV1@@Z 10023d70 f i physics:dgMeshEffect2.obj
 0001:00022db0       ?Find@?$dgTree@VdgEdgeSharedTetras@Tetrahedralization@@_K@@QBEPAVdgTreeNode@1@_K@Z 10023db0 f i physics:dgMeshEffect2.obj
 0001:00022df0       ??$dgSort@VdgIndexMapPair@Tetrahedralization@@@@YAXQAVdgIndexMapPair@Tetrahedralization@@HP6AHQBV01@1QAX@Z2@Z 10023df0 f i physics:dgMeshEffect2.obj
 0001:00022f20       ?Insert@?$dgTree@VdgEdgeSharedTetras@Tetrahedralization@@_K@@QAEPAVdgTreeNode@1@ABVdgEdgeSharedTetras@Tetrahedralization@@_KAA_N@Z 10023f20 f i physics:dgMeshEffect2.obj
 0001:00023020       ?Resize@?$dgArray@VdgIndexMapPair@Tetrahedralization@@@@QBEXH@Z 10024020 f i physics:dgMeshEffect2.obj
 0001:00023130       ?Insert@?$dgTree@PAVdgListNode@?$dgList@VdgConvexHull4dTetraherum@@@@PAV12@@@QAEPAVdgTreeNode@1@ABQAVdgListNode@?$dgList@VdgConvexHull4dTetraherum@@@@PAV34@AA_N@Z 10024130 f i corelib:dgConvexHull4d.obj
 0001:00023130       ?Insert@?$dgTree@PAVdgListNode@?$dgList@V?$dgGraphNode@VdgDebriNodeInfo@dgCollisionCompoundBreakable@@VdgSharedNodeMesh@2@@@@@PAV12@@@QAEPAVdgTreeNode@1@ABQAVdgListNode@?$dgList@V?$dgGraphNode@VdgDebriNodeInfo@dgCollisionCompoundBreakable@@VdgSharedNodeMesh@2@@@@@PAV34@AA_N@Z 10024130 f i physics:dgCollisionCompoundBreakable.obj
 0001:00023130       ?Insert@?$dgTree@PBVdgNodeBase@dgCollisionCompound@@PBV12@@@QAEPAVdgTreeNode@1@ABQBVdgNodeBase@dgCollisionCompound@@PBV34@AA_N@Z 10024130 f i physics:dgCollisionCompound.obj
 0001:00023130       ?Insert@?$dgTree@PAVdgEdge@@PAV1@@@QAEPAVdgTreeNode@1@ABQAVdgEdge@@PAV3@AA_N@Z 10024130 f i physics:dgMeshEffect2.obj
 0001:00023200       ?Resize@?$dgArray@VdgHullVector@@@@QBEXH@Z 10024200 f i physics:dgMeshEffect2.obj
 0001:00023340       ?Resize@?$dgArray@VdgVector@@@@QBEXH@Z 10024340 f i physics:dgMeshEffect2.obj
 0001:00023480       ??_EdgCollisionConvexIntance@dgCollisionCompoundBreakable@@UAEPAXI@Z 10024480 f i  CIL library: CIL module
 0001:00023480       ??_GdgCollisionConvexIntance@dgCollisionCompoundBreakable@@UAEPAXI@Z 10024480 f i physics:dgCollisionCompoundBreakable.obj
 0001:000234f0       ??0dgCollisionConvexIntance@dgCollisionCompoundBreakable@@QAE@ABV01@PAVdgListNode@?$dgList@V?$dgGraphNode@VdgDebriNodeInfo@dgCollisionCompoundBreakable@@VdgSharedNodeMesh@2@@@@@@Z 100244f0 f   physics:dgCollisionCompoundBreakable.obj
 0001:00023580       ??0dgCollisionConvexIntance@dgCollisionCompoundBreakable@@QAE@QAVdgWorld@@P6AXPAX1I@ZQAX@Z 10024580 f   physics:dgCollisionCompoundBreakable.obj
 0001:00023630       ?GetVolume@dgCollisionConvexIntance@dgCollisionCompoundBreakable@@MBENXZ 10024630 f   physics:dgCollisionCompoundBreakable.obj
 0001:00023640       ?OOBBTest@dgCollisionConvexIntance@dgCollisionCompoundBreakable@@MBE_NABVdgMatrix@@QBVdgConvexCollision@@QAX@Z 10024640 f   physics:dgCollisionCompoundBreakable.obj
 0001:00023650       ?SupportVertex@dgCollisionConvexIntance@dgCollisionCompoundBreakable@@MBE?AVdgVector@@ABV3@@Z 10024650 f   physics:dgCollisionCompoundBreakable.obj
 0001:00023670       ?SupportVertexSimd@dgCollisionConvexIntance@dgCollisionCompoundBreakable@@MBE?AVdgVector@@ABV3@@Z 10024670 f   physics:dgCollisionCompoundBreakable.obj
 0001:00023690       ?CalcAABB@dgCollisionConvexIntance@dgCollisionCompoundBreakable@@MBEXABVdgMatrix@@AAVdgVector@@1@Z 10024690 f   physics:dgCollisionCompoundBreakable.obj
 0001:000236a0       ?CalcAABBSimd@dgCollisionConvexIntance@dgCollisionCompoundBreakable@@MBEXABVdgMatrix@@AAVdgVector@@1@Z 100246a0 f   physics:dgCollisionCompoundBreakable.obj
 0001:000236b0       ?DebugCollision@dgCollisionConvexIntance@dgCollisionCompoundBreakable@@MBEXABVdgMatrix@@P6AXPAXHPBNH@ZQAX@Z 100246b0 f   physics:dgCollisionCompoundBreakable.obj
 0001:000236c0       ?RayCast@dgCollisionConvexIntance@dgCollisionCompoundBreakable@@MBENABVdgVector@@0AAVdgContactPoint@@P6AIQBVdgBody@@QBVdgCollision@@QAX@Z24@Z 100246c0 f   physics:dgCollisionCompoundBreakable.obj
 0001:000236d0       ?RayCastSimd@dgCollisionConvexIntance@dgCollisionCompoundBreakable@@MBENABVdgVector@@0AAVdgContactPoint@@P6AIQBVdgBody@@QBVdgCollision@@QAX@Z24@Z 100246d0 f   physics:dgCollisionCompoundBreakable.obj
 0001:000236e0       ?CalculateVolumeIntegral@dgCollisionConvexIntance@dgCollisionCompoundBreakable@@MBE?AVdgVector@@ABVdgMatrix@@P6AIPAX10AAVdgPlane@@@ZQAX@Z 100246e0 f   physics:dgCollisionCompoundBreakable.obj
 0001:00023710       ?SetCollisionBBox@dgCollisionConvexIntance@dgCollisionCompoundBreakable@@EAEXABVdgVector@@0@Z 10024710 f   physics:dgCollisionCompoundBreakable.obj
 0001:00023720       ?GetBoxMinRadius@dgCollisionConvexIntance@dgCollisionCompoundBreakable@@EBENXZ 10024720 f   physics:dgCollisionCompoundBreakable.obj
 0001:00023730       ?GetBoxMaxRadius@dgCollisionConvexIntance@dgCollisionCompoundBreakable@@EBENXZ 10024730 f   physics:dgCollisionCompoundBreakable.obj
 0001:00023740       ?CalculatePlaneIntersection@dgCollisionConvexIntance@dgCollisionCompoundBreakable@@EBEHABVdgVector@@0QAV3@@Z 10024740 f   physics:dgCollisionCompoundBreakable.obj
 0001:00023750       ?CalculatePlaneIntersectionSimd@dgCollisionConvexIntance@dgCollisionCompoundBreakable@@EBEHABVdgVector@@0QAV3@@Z 10024750 f   physics:dgCollisionCompoundBreakable.obj
 0001:00023760       ?GetCollisionInfo@dgCollisionConvexIntance@dgCollisionCompoundBreakable@@EBEXPAVdgCollisionInfo@@@Z 10024760 f   physics:dgCollisionCompoundBreakable.obj
 0001:00023770       ?Serialize@dgCollisionConvexIntance@dgCollisionCompoundBreakable@@EBEXP6AXPAXPBXI@ZQAX@Z 10024770 f   physics:dgCollisionCompoundBreakable.obj
 0001:000237d0       ?SetBreakImpulse@dgCollisionConvexIntance@dgCollisionCompoundBreakable@@EAEXN@Z 100247d0 f   physics:dgCollisionCompoundBreakable.obj
 0001:000237e0       ?GetBreakImpulse@dgCollisionConvexIntance@dgCollisionCompoundBreakable@@EBENXZ 100247e0 f   physics:dgCollisionCompoundBreakable.obj
 0001:000237f0       ??_GdgVertexBuffer@dgCollisionCompoundBreakable@@UAEPAXI@Z 100247f0 f i physics:dgCollisionCompoundBreakable.obj
 0001:000237f0       ??_EdgVertexBuffer@dgCollisionCompoundBreakable@@UAEPAXI@Z 100247f0 f i  CIL library: CIL module
 0001:00023840       ??0dgVertexBuffer@dgCollisionCompoundBreakable@@QAE@QAVdgMemoryAllocator@@P6AXPAX1I@ZQAX@Z 10024840 f   physics:dgCollisionCompoundBreakable.obj
 0001:000238f0       ?GetVertexStreams@dgVertexBuffer@dgCollisionCompoundBreakable@@QBEXHPANH0H0@Z 100248f0 f   physics:dgCollisionCompoundBreakable.obj
 0001:000239e0       ??_EdgMesh@dgCollisionCompoundBreakable@@UAEPAXI@Z 100249e0 f i  CIL library: CIL module
 0001:000239e0       ??_GdgMesh@dgCollisionCompoundBreakable@@UAEPAXI@Z 100249e0 f i physics:dgCollisionCompoundBreakable.obj
 0001:00023a10       ??0dgMesh@dgCollisionCompoundBreakable@@QAE@QAVdgMemoryAllocator@@P6AXPAX1I@ZQAX@Z 10024a10 f   physics:dgCollisionCompoundBreakable.obj
 0001:00023ad0       ?Serialize@dgMesh@dgCollisionCompoundBreakable@@QBEXP6AXPAXPBXI@ZQAX@Z 10024ad0 f   physics:dgCollisionCompoundBreakable.obj
 0001:00023b50       ?AddgSubMesh@dgMesh@dgCollisionCompoundBreakable@@QAEPAVdgSubMesh@2@HH@Z 10024b50 f   physics:dgCollisionCompoundBreakable.obj
 0001:00023bd0       ??0dgDebriGraph@dgCollisionCompoundBreakable@@QAE@QAVdgMemoryAllocator@@P6AXPAX1I@ZQAX@Z 10024bd0 f   physics:dgCollisionCompoundBreakable.obj
 0001:00023e50       ??0dgDebriGraph@dgCollisionCompoundBreakable@@QAE@ABV01@@Z 10024e50 f   physics:dgCollisionCompoundBreakable.obj
 0001:00024060       ?Serialize@dgDebriGraph@dgCollisionCompoundBreakable@@QBEXP6AXPAXPBXI@ZQAX@Z 10025060 f   physics:dgCollisionCompoundBreakable.obj
 0001:000242a0       ??0dgCollisionCompoundBreakable@@QAE@HQBQBVdgMeshEffect@@QBHQBN1HNPAVdgWorld@@@Z 100252a0 f   physics:dgCollisionCompoundBreakable.obj
 0001:00024e50       ??_EdgCollisionCompoundBreakable@@UAEPAXI@Z 10025e50 f i  CIL library: CIL module
 0001:00024e50       ??_GdgCollisionCompoundBreakable@@UAEPAXI@Z 10025e50 f i physics:dgCollisionCompoundBreakable.obj
 0001:00024e80       ??0dgCollisionCompoundBreakable@@QAE@ABV0@@Z 10025e80 f   physics:dgCollisionCompoundBreakable.obj
 0001:00025110       ??0dgCollisionCompoundBreakable@@QAE@QAVdgWorld@@P6AXPAX1I@ZQAX@Z 10026110 f   physics:dgCollisionCompoundBreakable.obj
 0001:00025270       ??1dgCollisionCompoundBreakable@@UAE@XZ 10026270 f   physics:dgCollisionCompoundBreakable.obj
 0001:000252e0       ?LinkNodes@dgCollisionCompoundBreakable@@AAEXXZ 100262e0 f   physics:dgCollisionCompoundBreakable.obj
 0001:00025330       ?Serialize@dgCollisionCompoundBreakable@@EBEXP6AXPAXPBXI@ZQAX@Z 10026330 f   physics:dgCollisionCompoundBreakable.obj
 0001:000253f0       ?GetCollisionInfo@dgCollisionCompoundBreakable@@EBEXPAVdgCollisionInfo@@@Z 100263f0 f   physics:dgCollisionCompoundBreakable.obj
 0001:00025410       ?GetSegmentIndexStreamShort@dgCollisionCompoundBreakable@@QBEHQAVdgListNode@?$dgList@V?$dgGraphNode@VdgDebriNodeInfo@dgCollisionCompoundBreakable@@VdgSharedNodeMesh@2@@@@@PAV2?$dgList@VdgSubMesh@dgCollisionCompoundBreakable@@@@QAF@Z 10026410 f   physics:dgCollisionCompoundBreakable.obj
 0001:000254c0       ?GetSegmentIndexStream@dgCollisionCompoundBreakable@@QBEHQAVdgListNode@?$dgList@V?$dgGraphNode@VdgDebriNodeInfo@dgCollisionCompoundBreakable@@VdgSharedNodeMesh@2@@@@@PAV2?$dgList@VdgSubMesh@dgCollisionCompoundBreakable@@@@QAH@Z 100264c0 f   physics:dgCollisionCompoundBreakable.obj
 0001:00025560       ?GetSegmentsInRadius@dgCollisionCompoundBreakable@@QAEHABVdgVector@@NPAPAVdgListNode@?$dgList@V?$dgGraphNode@VdgDebriNodeInfo@dgCollisionCompoundBreakable@@VdgSharedNodeMesh@2@@@@@H@Z 10026560 f   physics:dgCollisionCompoundBreakable.obj
 0001:00025700       ?EnumerateIslands@dgCollisionCompoundBreakable@@QAEXXZ 10026700 f   physics:dgCollisionCompoundBreakable.obj
 0001:000257e0       ?ResetAnchor@dgCollisionCompoundBreakable@@QAEXXZ 100267e0 f   physics:dgCollisionCompoundBreakable.obj
 0001:00025820       ?SetAnchoredParts@dgCollisionCompoundBreakable@@QAEXHQBVdgMatrix@@PAPBVdgCollision@@@Z 10026820 f   physics:dgCollisionCompoundBreakable.obj
 0001:00025a10       ?DeleteComponent@dgCollisionCompoundBreakable@@QAEXPAVdgListNode@?$dgList@V?$dgGraphNode@VdgDebriNodeInfo@dgCollisionCompoundBreakable@@VdgSharedNodeMesh@2@@@@@@Z 10026a10 f   physics:dgCollisionCompoundBreakable.obj
 0001:00025ba0       ?DeleteComponentEnd@dgCollisionCompoundBreakable@@QAEXXZ 10026ba0 f   physics:dgCollisionCompoundBreakable.obj
 0001:00025d70       ?Append@?$dgList@VdgSubMesh@dgCollisionCompoundBreakable@@@@QAEPAVdgListNode@1@ABVdgSubMesh@dgCollisionCompoundBreakable@@@Z 10026d70 f i physics:dgCollisionCompoundBreakable.obj
 0001:00025df0       ?DeleteNode@?$dgGraph@VdgDebriNodeInfo@dgCollisionCompoundBreakable@@VdgSharedNodeMesh@2@@@QAEXQAVdgListNode@?$dgList@V?$dgGraphNode@VdgDebriNodeInfo@dgCollisionCompoundBreakable@@VdgSharedNodeMesh@2@@@@@@Z 10026df0 f i physics:dgCollisionCompoundBreakable.obj
 0001:00025e80       ?Append@?$dgList@PAVdgListNode@?$dgList@V?$dgGraphNode@VdgDebriNodeInfo@dgCollisionCompoundBreakable@@VdgSharedNodeMesh@2@@@@@@@QAEPAVdgListNode@1@ABQAV2?$dgList@V?$dgGraphNode@VdgDebriNodeInfo@dgCollisionCompoundBreakable@@VdgSharedNodeMesh@2@@@@@@Z 10026e80 f i physics:dgCollisionCompoundBreakable.obj
 0001:00025f10       ?Remove@?$dgList@PAVdgListNode@?$dgList@VdgConvexHull3DFace@@@@@@QAEXABQAVdgListNode@?$dgList@VdgConvexHull3DFace@@@@@Z 10026f10 f i corelib:dgConvexHull3d.obj
 0001:00025f10       ?Remove@?$dgList@PAVdgListNode@?$dgList@V?$dgGraphNode@VdgDebriNodeInfo@dgCollisionCompoundBreakable@@VdgSharedNodeMesh@2@@@@@@@QAEXABQAVdgListNode@?$dgList@V?$dgGraphNode@VdgDebriNodeInfo@dgCollisionCompoundBreakable@@VdgSharedNodeMesh@2@@@@@@Z 10026f10 f i physics:dgCollisionCompoundBreakable.obj
 0001:00025f10       ?Remove@?$dgList@PAVdgMemoryAllocator@@@@QAEXABQAVdgMemoryAllocator@@@Z 10026f10 f i corelib:dgMemory.obj
 0001:00025f10       ?Remove@?$dgList@PAVdgListNode@?$dgList@VdgConvexHull4dTetraherum@@@@@@QAEXABQAVdgListNode@?$dgList@VdgConvexHull4dTetraherum@@@@@Z 10026f10 f i corelib:dgConvexHull4d.obj
 0001:00025f90       ?DeleteEdge@?$dgGraphNode@VdgDebriNodeInfo@dgCollisionCompoundBreakable@@VdgSharedNodeMesh@2@@@QAEXQAVdgListNode@?$dgList@V?$dgGraphEdge@VdgDebriNodeInfo@dgCollisionCompoundBreakable@@VdgSharedNodeMesh@2@@@@@@Z 10026f90 f i physics:dgCollisionCompoundBreakable.obj
 0001:00026040       ??0dgListNode@?$dgList@VdgSubMesh@dgCollisionCompoundBreakable@@@@AAE@ABVdgSubMesh@dgCollisionCompoundBreakable@@QAV01@1@Z 10027040 f i physics:dgCollisionCompoundBreakable.obj
 0001:00026090       ?Resize@?$dgArray@VdgFlatVertex@dgCollisionCompoundBreakable@@@@QBEXH@Z 10027090 f i physics:dgCollisionCompoundBreakable.obj
 0001:000261d0       ?RemoveAll@?$dgList@VdgSubMesh@dgCollisionCompoundBreakable@@@@QAEXXZ 100271d0 f i physics:dgCollisionCompoundBreakable.obj
 0001:00026240       ?Append@?$dgList@V?$dgGraphNode@VdgDebriNodeInfo@dgCollisionCompoundBreakable@@VdgSharedNodeMesh@2@@@@@QAEPAVdgListNode@1@XZ 10027240 f i physics:dgCollisionCompoundBreakable.obj
 0001:000262e0       ?Remove@?$dgList@V?$dgGraphNode@VdgDebriNodeInfo@dgCollisionCompoundBreakable@@VdgSharedNodeMesh@2@@@@@QAEXQAVdgListNode@1@@Z 100272e0 f i physics:dgCollisionCompoundBreakable.obj
 0001:00026360       ?Insert@?$dgTree@PAVdgCollision@@I@@QAEPAVdgTreeNode@1@ABQAVdgCollision@@IAA_N@Z 10027360 f i physics:dgNarrowPhaseCollision.obj
 0001:00026360       ?Insert@?$dgTree@HPAVdgListNode@?$dgList@V?$dgGraphNode@VdgDebriNodeInfo@dgCollisionCompoundBreakable@@VdgSharedNodeMesh@2@@@@@@@QAEPAVdgTreeNode@1@ABHPAVdgListNode@?$dgList@V?$dgGraphNode@VdgDebriNodeInfo@dgCollisionCompoundBreakable@@VdgSharedNodeMesh@2@@@@@AA_N@Z 10027360 f i physics:dgCollisionCompoundBreakable.obj
 0001:00026430       ?Insert@?$dgTree@VdgCompoundBreakableFilterData@dgCollisionCompoundBreakable@@PAVdgConvexCollision@@@@QAEPAVdgTreeNode@1@ABVdgCompoundBreakableFilterData@dgCollisionCompoundBreakable@@PAVdgConvexCollision@@AA_N@Z 10027430 f i physics:dgCollisionCompoundBreakable.obj
 0001:00026510       ?RemoveAll@?$dgList@V?$dgGraphNode@VdgDebriNodeInfo@dgCollisionCompoundBreakable@@VdgSharedNodeMesh@2@@@@@QAEXXZ 10027510 f i physics:dgCollisionCompoundBreakable.obj
 0001:00026590       ?RemoveAll@?$dgList@VdgDiagonalEdge@InternalPolyhedra@@@@QAEXXZ 10027590 f i corelib:dgPolyhedra.obj
 0001:00026590       ?RemoveAll@?$dgList@VdgBodyMasterListCell@@@@QAEXXZ 10027590 f i physics:dgBodyMasterList.obj
 0001:00026590       ?RemoveAll@?$dgList@V?$dgGraphEdge@VdgDebriNodeInfo@dgCollisionCompoundBreakable@@VdgSharedNodeMesh@2@@@@@QAEXXZ 10027590 f i physics:dgCollisionCompoundBreakable.obj
 0001:000265e0       ??0dgCollisionConvexHull@@QAE@QAVdgMemoryAllocator@@IHHNPBNABVdgMatrix@@@Z 100275e0 f   physics:dgCollisionConvexHull.obj
 0001:000268e0       ??_EdgCollisionConvexHull@@UAEPAXI@Z 100278e0 f i  CIL library: CIL module
 0001:000268e0       ??_GdgCollisionConvexHull@@UAEPAXI@Z 100278e0 f i physics:dgCollisionConvexHull.obj
 0001:00026910       ??0dgCollisionConvexHull@@QAE@QAVdgWorld@@P6AXPAX1I@ZQAX@Z 10027910 f   physics:dgCollisionConvexHull.obj
 0001:00026ac0       ??1dgCollisionConvexHull@@UAE@XZ 10027ac0 f   physics:dgCollisionConvexHull.obj
 0001:00026b20       ?FaceNormal@dgCollisionConvexHull@@ABE?AVdgBigVector@@PBVdgEdge@@QBVdgVector@@@Z 10027b20 f   physics:dgCollisionConvexHull.obj
 0001:00026cf0       ?RemoveCoplanarEdge@dgCollisionConvexHull@@ABE_NAAVdgPolyhedra@@QAVdgVector@@@Z 10027cf0 f   physics:dgCollisionConvexHull.obj
 0001:00027100       ?CheckConvex@dgCollisionConvexHull@@ABE_NAAVdgPolyhedra@@PBVdgVector@@@Z 10028100 f   physics:dgCollisionConvexHull.obj
 0001:000274a0       ?Create@dgCollisionConvexHull@@AAE_NHHQBNN@Z 100284a0 f   physics:dgCollisionConvexHull.obj
 0001:00027b40       ?SetBreakImpulse@dgCollisionConvexHull@@EAEXN@Z 10028b40 f   physics:dgCollisionConvexHull.obj
 0001:00027b50       ?GetBreakImpulse@dgCollisionConvexHull@@EBENXZ 10028b50 f   physics:dgCollisionConvexHull.obj
 0001:00027b60       ?DebugCollision@dgCollisionConvexHull@@EBEXABVdgMatrix@@P6AXPAXHPBNH@ZQAX@Z 10028b60 f   physics:dgCollisionConvexHull.obj
 0001:00027c70       ?GetCollisionInfo@dgCollisionConvexHull@@EBEXPAVdgCollisionInfo@@@Z 10028c70 f   physics:dgCollisionConvexHull.obj
 0001:00027d00       ?Serialize@dgCollisionConvexHull@@EBEXP6AXPAXPBXI@ZQAX@Z 10028d00 f   physics:dgCollisionConvexHull.obj
 0001:00027e40       ?OOBBTest@dgCollisionConvexHull@@EBE_NABVdgMatrix@@QBVdgConvexCollision@@QAX@Z 10028e40 f   physics:dgCollisionConvexHull.obj
 0001:000281f0       ??0?$dgStack@VdgTriplex@@@@QAE@H@Z 100291f0 f i physics:dgCollisionConvexHull.obj
 0001:00028250       ??0dgCollisionConvexPolygon@dgCollisionMesh@@QAE@QAVdgMemoryAllocator@@@Z 10029250 f   physics:dgCollisionMesh.obj
 0001:000282e0       ?CalculateSignature@dgCollisionConvexPolygon@dgCollisionMesh@@UBEHXZ 100292e0 f   physics:dgCollisionMesh.obj
 0001:000282f0       ?RayCastSimd@dgCollision@@UBENABVdgVector@@0AAVdgContactPoint@@P6AIQBVdgBody@@QBV1@QAX@Z24@Z 100292f0 f   physics:dgCollision.obj
 0001:000282f0       ?RayCast@dgCollisionConvexPolygon@dgCollisionMesh@@UBENABVdgVector@@0AAVdgContactPoint@@P6AIQBVdgBody@@QBVdgCollision@@QAX@Z24@Z 100292f0 f   physics:dgCollisionMesh.obj
 0001:00028300       ?GetVolume@dgCollisionMesh@@UBENXZ 10029300 f   physics:dgCollisionMesh.obj
 0001:00028300       ?GetVolume@dgCollisionPoint@@UBENXZ 10029300 f   physics:dgCollisionSphere.obj
 0001:00028300       ?GetBoxMaxRadius@dgCollisionScene@@EBENXZ 10029300 f   physics:dgCollisionScene.obj
 0001:00028300       ?GetBoxMinRadius@dgCollisionScene@@EBENXZ 10029300 f   physics:dgCollisionScene.obj
 0001:00028300       ?GetBoxMaxRadius@dgCollisionConvexPolygon@dgCollisionMesh@@UBENXZ 10029300 f   physics:dgCollisionMesh.obj
 0001:00028300       ?GetBoxMaxRadius@dgCollisionMesh@@UBENXZ 10029300 f   physics:dgCollisionMesh.obj
 0001:00028300       ?GetVolume@dgCollisionConvexPolygon@dgCollisionMesh@@UBENXZ 10029300 f   physics:dgCollisionMesh.obj
 0001:00028300       ?GetBoxMinRadius@dgCollisionConvexPolygon@dgCollisionMesh@@UBENXZ 10029300 f   physics:dgCollisionMesh.obj
 0001:00028300       ?GetBoxMinRadius@dgCollisionMesh@@UBENXZ 10029300 f   physics:dgCollisionMesh.obj
 0001:00028300       ?GetVolume@dgCollisionNull@@MBENXZ 10029300 f   physics:dgCollisionNull.obj
 0001:00028300       ?GetVolume@dgCollisionScene@@EBENXZ 10029300 f   physics:dgCollisionScene.obj
 0001:00028310       ?OOBBTest@dgCollisionScene@@EBE_NABVdgMatrix@@QBVdgConvexCollision@@QAX@Z 10029310 f   physics:dgCollisionScene.obj
 0001:00028310       ?OOBBTest@dgCollisionConvexModifier@@MBE_NABVdgMatrix@@QBVdgConvexCollision@@QAX@Z 10029310 f   physics:dgCollisionConvexModifier.obj
 0001:00028310       ?OOBBTest@dgCollisionCompound@@MBE_NABVdgMatrix@@QBVdgConvexCollision@@QAX@Z 10029310 f   physics:dgCollisionCompound.obj
 0001:00028310       ?OOBBTest@dgCollisionConvexPolygon@dgCollisionMesh@@UBE_NABVdgMatrix@@QBVdgConvexCollision@@QAX@Z 10029310 f   physics:dgCollisionMesh.obj
 0001:00028310       ?OOBBTest@dgCollisionMesh@@EBE_NABVdgMatrix@@QBVdgConvexCollision@@QAX@Z 10029310 f   physics:dgCollisionMesh.obj
 0001:00028320       ?SupportVertex@dgCollisionConvexPolygon@dgCollisionMesh@@UBE?AVdgVector@@ABV3@@Z 10029320 f   physics:dgCollisionMesh.obj
 0001:000283c0       ?CalculateNormal@dgCollisionConvexPolygon@dgCollisionMesh@@QAEXXZ 100293c0 f   physics:dgCollisionMesh.obj
 0001:000284f0       ?QuickTestContinue@dgCollisionConvexPolygon@dgCollisionMesh@@QAEHPBVdgConvexCollision@@ABVdgMatrix@@@Z 100294f0 f   physics:dgCollisionMesh.obj
 0001:00028730       ?QuickTest@dgCollisionConvexPolygon@dgCollisionMesh@@QAEHPBVdgConvexCollision@@ABVdgMatrix@@@Z 10029730 f   physics:dgCollisionMesh.obj
 0001:00028a70       ?ClipContacts@dgCollisionConvexPolygon@dgCollisionMesh@@QBEHHQAVdgContactPoint@@ABVdgMatrix@@@Z 10029a70 f   physics:dgCollisionMesh.obj
[...]
 0003:000003b0       __XcptActTabSize           100903b0     LIBCMT:winxfltr.obj
 0003:000003b4       __XcptActTabCount          100903b4     LIBCMT:winxfltr.obj
 0003:000003b8       ___nullstring              100903b8     LIBCMT:output.obj
 0003:000003bc       ___wnullstring             100903bc     LIBCMT:output.obj
 0003:000003c0       ___abort_behavior          100903c0     LIBCMT:abort.obj
 0003:000003e0       __matherr_flag             100903e0     LIBCMT:_matherr_.obj
 0003:000003e4       __fltused                  100903e4     LIBCMT:_fpinit_.obj
 0003:000003e8       __ldused                   100903e8     LIBCMT:_fpinit_.obj
 0003:000004d8       __d_inf                    100904d8     LIBCMT:_util_.obj
 0003:000004e0       __d_ind                    100904e0     LIBCMT:_util_.obj
 0003:000004e8       __d_max                    100904e8     LIBCMT:_util_.obj
 0003:000004f0       __d_min                    100904f0     LIBCMT:_util_.obj
 0003:000004f8       __d_mzero                  100904f8     LIBCMT:_util_.obj
 0003:00000500       ___security_cookie         10090500     LIBCMT:gs_cookie.obj
 0003:00000504       ___security_cookie_complement 10090504     LIBCMT:gs_cookie.obj
 0003:00000508       __cfltcvt_tab              10090508     LIBCMT:cmiscdat.obj
 0003:00000538       ___clocalestr              10090538     LIBCMT:nlsdata2.obj
 0003:00000540       ___initiallocinfo          10090540     LIBCMT:nlsdata2.obj
 0003:00000618       ___ptlocinfo               10090618     LIBCMT:nlsdata2.obj
 0003:0000061c       ___lc_clike                1009061c     LIBCMT:nlsdata2.obj
 0003:00000620       ___initiallocalestructinfo 10090620     LIBCMT:nlsdata2.obj
 0003:00000628       ___initialmbcinfo          10090628     LIBCMT:mbctype.obj
 0003:00000848       __mbctype                  10090848     LIBCMT:mbctype.obj
 0003:00000950       __mbcasemap                10090950     LIBCMT:mbctype.obj
 0003:00000a50       ___ptmbcinfo               10090a50     LIBCMT:mbctype.obj
 0003:00000b50       __iob                      10090b50     LIBCMT:_file.obj
 0003:00000dd0       ___globallocalestatus      10090dd0     LIBCMT:glstatus.obj
 0003:00000de0       __NLG_Destination          10090de0     LIBCMT:exsup.obj
 0003:00000df0       __pctype                   10090df0     LIBCMT:ctype.obj
 0003:00000df4       __pwctype                  10090df4     LIBCMT:ctype.obj
 0003:00000df8       ___lc_time_c               10090df8     LIBCMT:strftime.obj
 0003:00000eb0       ___lc_time_curr            10090eb0     LIBCMT:strftime.obj
 0003:00000eb4       ___lconv_static_decimal    10090eb4     LIBCMT:lconv.obj
 0003:00000eb8       ___lconv_c                 10090eb8     LIBCMT:lconv.obj
 0003:00000ee8       ___lconv                   10090ee8     LIBCMT:lconv.obj
 0003:00000eec       ___mb_cur_max              10090eec     LIBCMT:nlsdata1.obj
 0003:00000ef0       ___decimal_point           10090ef0     LIBCMT:nlsdata1.obj
 0003:00000ef4       ___decimal_point_length    10090ef4     LIBCMT:nlsdata1.obj
 0003:00000f10       __timezone                 10090f10     LIBCMT:timeset.obj
 0003:00000f14       __daylight                 10090f14     LIBCMT:timeset.obj
 0003:00000f18       __dstbias                  10090f18     LIBCMT:timeset.obj
 0003:00000fa0       __tzname                   10090fa0     LIBCMT:timeset.obj
 0003:00000fc0       __coninpfh                 10090fc0     LIBCMT:initcon.obj
 0003:00000fc4       __confh                    10090fc4     LIBCMT:initcon.obj
 0003:00000ff8       __lpdays                   10090ff8     LIBCMT:days.obj
 0003:0000102c       __days                     1009102c     LIBCMT:days.obj
 0003:00001060       __pow10pos                 10091060     LIBCMT:_constpow_.obj
 0003:000011c0       __pow10neg                 100911c0     LIBCMT:_constpow_.obj
 0003:00001320       ?mult@dgPolyhedraMassProperties@@0PANA 10091320     corelib:dgPolyhedraMassProperties.obj
 0003:00001788       ?m_faceIndex@dgContactSolver@@2PAY03HA 10091788     physics:dgMinkowskiConv.obj
 0003:000017c8       ?m_edgeArray@dgCollisionBox@@1PAVdgConvexSimplexEdge@@A 100917c8     physics:dgCollisionBox.obj
 0003:00001948       ?m_rayCastSimplex@dgConvexCollision@@1PAY03HA 10091948     physics:dgConvexCollision.obj
 0003:00001988       ?m_hullDirs@dgConvexCollision@@1PAVdgTriplex@@A 10091988     physics:dgConvexCollision.obj
 0003:00001ae0       ?m_negOne@dgConvexCollision@@1VdgVector@@A 10091ae0     physics:dgConvexCollision.obj
 0003:00001b00       ?m_nrh0p5@dgConvexCollision@@1VdgVector@@A 10091b00     physics:dgConvexCollision.obj
 0003:00001b20       ?m_nrh3p0@dgConvexCollision@@1VdgVector@@A 10091b20     physics:dgConvexCollision.obj
 0003:00001b40       ?m_indexStep@dgConvexCollision@@1VdgVector@@A 10091b40     physics:dgConvexCollision.obj
 0003:00001b60       ?m_index_0123@dgConvexCollision@@1VdgVector@@A 10091b60     physics:dgConvexCollision.obj
 0003:00001b80       ?m_index_4567@dgConvexCollision@@1VdgVector@@A 10091b80     physics:dgConvexCollision.obj
 0003:00001ba0       ?m_huge@dgConvexCollision@@1VdgVector@@A 10091ba0     physics:dgConvexCollision.obj
 0003:00001bc0       ?m_negativeTiny@dgConvexCollision@@1VdgVector@@A 10091bc0     physics:dgConvexCollision.obj
 0003:00001be0       ?m_aabb_padd@dgConvexCollision@@1VdgVector@@A 10091be0     physics:dgConvexCollision.obj
 0003:00001c00       ?m_globalAllocator@dgGlobalAllocator@@2V1@A 10091c00     corelib:dgMemory.obj
 0003:00001d40       __half                     10091d40     LIBCMT:_pow_.obj
 0003:00001d60       __indefinite               10091d60     LIBCMT:_87disp_.obj
 0003:00001d6a       __piby2                    10091d6a     LIBCMT:_87disp_.obj
 0003:00001d90       __infinity                 10091d90     LIBCMT:_87tran_.obj
 0003:00001d9a       __minfinity                10091d9a     LIBCMT:_87tran_.obj
 0003:00001da4       __logemax                  10091da4     LIBCMT:_87tran_.obj
 0003:00001dca       __OP_EXPjmptab             10091dca     LIBCMT:_87tran_.obj
 0003:00001f64       __aenvptr                  10091f64     LIBCMT:dllcrt0.obj
 0003:00001f68       __wenvptr                  10091f68     LIBCMT:dllcrt0.obj
 0003:00001f6c       ___error_mode              10091f6c     LIBCMT:dllcrt0.obj
 0003:00001f70       ___app_type                10091f70     LIBCMT:dllcrt0.obj
 0003:00001f78       __crtheap                  10091f78     LIBCMT:heapinit.obj
 0003:000020d0       ___sbh_pHeaderDefer        100920d0     LIBCMT:sbheap.obj
 0003:000020d4       __umaskval                 100920d4     LIBCMT:crt0dat.obj
 0003:000020d8       ___argc                    100920d8     LIBCMT:crt0dat.obj
 0003:000020dc       ___argv                    100920dc     LIBCMT:crt0dat.obj
 0003:000020e0       ___wargv                   100920e0     LIBCMT:crt0dat.obj
 0003:000020e4       __environ                  100920e4     LIBCMT:crt0dat.obj
 0003:000020e8       ___initenv                 100920e8     LIBCMT:crt0dat.obj
 0003:000020ec       __wenviron                 100920ec     LIBCMT:crt0dat.obj
 0003:000020f0       ___winitenv                100920f0     LIBCMT:crt0dat.obj
 0003:000020f4       __pgmptr                   100920f4     LIBCMT:crt0dat.obj
 0003:000020f8       __wpgmptr                  100920f8     LIBCMT:crt0dat.obj
 0003:000020fc       __exitflag                 100920fc     LIBCMT:crt0dat.obj
 0003:00002100       __C_Termination_Done       10092100     LIBCMT:crt0dat.obj
 0003:00002104       __C_Exit_Done              10092104     LIBCMT:crt0dat.obj
 0003:0000241c       ?_pnhHeap@@3P6AHI@ZA       1009241c     LIBCMT:handler.obj
 0003:00002420       __newmode                  10092420     LIBCMT:_newmode.obj
 0003:00002424       _gpFlsAlloc                10092424     LIBCMT:tidtable.obj
 0003:00002428       _gpFlsGetValue             10092428     LIBCMT:tidtable.obj
 0003:0000242c       _gpFlsSetValue             1009242c     LIBCMT:tidtable.obj
 0003:00002430       _gpFlsFree                 10092430     LIBCMT:tidtable.obj
 0003:00002434       __maxwait                  10092434     LIBCMT:crtheap.obj
 0003:00002544       ___pInvalidArgHandler      10092544     LIBCMT:invarg.obj
 0003:00002550       ___pPurecall               10092550     LIBCMT:inithelp.obj
 0003:00002568       ___fastflag                10092568     LIBCMT:_fpinit_.obj
 0003:0000256c       __adjust_fdiv              1009256c     LIBCMT:_fpinit_.obj
 0003:00002574       ?__pInconsistency@@3P6AXXZA 10092574     LIBCMT:hooks.obj
 0003:00002590       ___locale_changed          10092590     LIBCMT:setlocal.obj
 0003:00002594       ___lc_handle               10092594     LIBCMT:nlsdata2.obj
 0003:000025ac       ___lc_codepage             100925ac     LIBCMT:nlsdata2.obj
 0003:000025b0       ___lc_collate_cp           100925b0     LIBCMT:nlsdata2.obj
 0003:000025b8       ___mbulinfo                100925b8     LIBCMT:mbctype.obj
 0003:000025c4       ___mbcodepage              100925c4     LIBCMT:mbctype.obj
 0003:000025c8       ___ismbcodepage            100925c8     LIBCMT:mbctype.obj
 0003:000025cc       ___mblcid                  100925cc     LIBCMT:mbctype.obj
 0003:000025d0       __cflush                   100925d0     LIBCMT:_file.obj
 0003:000028fc       ___lconv_static_null       100928fc     LIBCMT:lconv.obj
 0003:00002908       __stdbuf                   10092908     LIBCMT:_sftbuf.obj
 0003:00002910       __outputformat             10092910     LIBCMT:outputformat.obj
 0003:000029d4       ___@@_PchSym_@00@UmvdglmPCAAUDworyUgllohUmvdglmUkilqvxgPehCAAIUdrmDCUmvdglmUivovzhvPCAAJPwlfyovPwooUmvdglmxozhhOlyq@ 100929d4     NewtonClass.obj
 0003:000029d8       ___@@_PchSym_@00@UmvdglmPCAAUDworyUgllohUmvdglmUkilqvxgPehCAAIUdrmDCUksbhrxhUivovzhvPCAAJPwlfyovPwooUwtdliowOlyq@ 100929d8     physics:dgWorld.obj
 0003:000029dc       ___@@_PchSym_@00@UmvdglmPCAAUDworyUgllohUmvdglmUkilqvxgPehCAAIUdrmDCUxlivoryUivovzhvPCAAJPwlfyovPwooUwtgbkvhOlyq@ 100929dc     corelib:dgTypes.obj
 0003:000029e0       ?m_edgeArray@dgCollisionSphere@@1PAVdgConvexSimplexEdge@@A 100929e0     physics:dgCollisionSphere.obj
 0003:00002fe0       ?m_edgeArray@dgCollisionCapsule@@0PAVdgConvexSimplexEdge@@A 10092fe0     physics:dgCollisionCapsule.obj
 0003:00003b20       ?m_edgeArray@dgCollisionCone@@0PAVdgConvexSimplexEdge@@A 10093b20     physics:dgCollisionCone.obj
 0003:00003d20       ?m_edgeArray@dgCollisionCylinder@@0PAVdgConvexSimplexEdge@@A 10093d20     physics:dgCollisionCylinder.obj
 0003:00004020       ?m_edgeArray@dgCollisionChamferCylinder@@0PAVdgConvexSimplexEdge@@A 10094020     physics:dgCollisionChamferCylinder.obj
 0003:00004920       ?m_shapeRefCount@dgCollisionSphere@@1HA 10094920     physics:dgCollisionSphere.obj
 0003:00004924       ?m_iniliazised@dgConvexCollision@@1HA 10094924     physics:dgConvexCollision.obj
 0003:00004928       ?m_shapeRefCount@dgCollisionCapsule@@0HA 10094928     physics:dgCollisionCapsule.obj
 0003:0000492c       ?m_shapeRefCount@dgCollisionCone@@0HA 1009492c     physics:dgCollisionCone.obj
 0003:00004930       ?m_shapeRefCount@dgCollisionCylinder@@0HA 10094930     physics:dgCollisionCylinder.obj
 0003:00004934       ?m_shapeRefCount@dgCollisionChamferCylinder@@0HA 10094934     physics:dgCollisionChamferCylinder.obj
 0003:00004940       ?m_zero@dgConvexCollision@@1VdgVector@@A 10094940     physics:dgConvexCollision.obj
 0003:00004960       ?m_signMask@dgConvexCollision@@1VdgVector@@A 10094960     physics:dgConvexCollision.obj
 0003:00004980       ?m_triplexMask@dgConvexCollision@@1VdgVector@@A 10094980     physics:dgConvexCollision.obj
 0003:00004a40       ?m_unitSphere@dgCollisionSphere@@1PAVdgVector@@A 10094a40     physics:dgCollisionSphere.obj
 0003:00004c80       ?m_multiResDir@dgConvexCollision@@1PAVdgVector@@A 10094c80     physics:dgConvexCollision.obj
 0003:00004d80       ?m_multiResDir_sse@dgConvexCollision@@1PAVdgVector@@A 10094d80     physics:dgConvexCollision.obj
 0003:00004e40       ?m_shapesDirs@dgCollisionChamferCylinder@@0PAVdgVector@@A 10094e40     physics:dgCollisionChamferCylinder.obj
 0003:00004f40       ?m_dir@dgContactSolver@@2PAVdgVector@@A 10094f40     physics:dgMinkowskiConv.obj
 0003:00005200       __debugger_hook_dummy      10095200     <common>
 0003:00005204       ___piob                    10095204     <common>
 0003:00005220       __bufin                    10095220     <common>
 0003:00006220       __nstream                  10096220     <common>
 0003:00006224       __nhandle                  10096224     <common>
 0003:00006240       ___pioinfo                 10096240     <common>
 0003:00006340       ___env_initialized         10096340     <common>
 0003:00006344       ___onexitend               10096344     <common>
 0003:00006348       ___onexitbegin             10096348     <common>
 0003:0000634c       ___mbctype_initialized     1009634c     <common>
 0003:00006350       ___dyn_tls_init_callback   10096350     <common>
 0003:00006354       __pDestructExceptionObject 10096354     <common>
 0003:00006358       ___sbh_cntHeaderList       10096358     <common>
 0003:0000635c       ___sbh_pHeaderList         1009635c     <common>
 0003:00006360       ___sbh_threshold           10096360     <common>
 0003:00006364       ___sbh_pHeaderScan         10096364     <common>
 0003:00006368       ___sbh_sizeHeaderList      10096368     <common>
 0003:0000636c       ___sbh_indGroupDefer       1009636c     <common>
 0003:00006370       ___active_heap             10096370     <common>
 0003:00006374       ___use_sse2_mathfcns       10096374     <common>
 0003:00006378       ___sse2_available          10096378     <common>
 0003:0000637c       __pmatherr                 1009637c     <common>
 0003:00006380       __acmdln                   10096380     <common>

 entry point at        0001:000747af

 Static symbols

 0001:0005cc30       ?SortVertices@InternalGeoUtil@@YAHQANHHHHN@Z 1005dc30 f    CIL library: CIL module
 0001:0005d6e0       ?QuickSortVertices@InternalGeoUtil@@YAHQANHHHHN@Z 1005e6e0 f    CIL library: CIL module
 0001:0005e5c0       ?MatchTwins@InternalPolyhedra@@YA_NPAVdgPolyhedra@@@Z 1005f5c0 f    CIL library: CIL module
 0001:0005e6c0       ?CloseOpenBounds@InternalPolyhedra@@YAXPAVdgPolyhedra@@@Z 1005f6c0 f    CIL library: CIL module
 0001:0005e830       ?NormalizeVertex@InternalPolyhedra@@YAXHQAVdgTriplex@@QBNH@Z 1005f830 f    CIL library: CIL module
 0001:0005e980       ?EdgePlane@InternalPolyhedra@@YA?AVdgBigPlane@@HHHQBVdgTriplex@@@Z 1005f980 f    CIL library: CIL module
 0001:0005ead0       ?UnboundedLoopPlane@InternalPolyhedra@@YA?AVdgBigPlane@@HHHQBVdgTriplex@@@Z 1005fad0 f    CIL library: CIL module
 0001:0005ec90       ?CalculateAllMetrics@InternalPolyhedra@@YAXPBVdgPolyhedra@@QAUVERTEX_METRIC_STRUCT@1@QBVdgTriplex@@@Z 1005fc90 f    CIL library: CIL module
 0001:0005ef80       ?BigFaceNormal@InternalPolyhedra@@YA?AVdgBigVector@@PAVdgEdge@@QBNH@Z 1005ff80 f    CIL library: CIL module
 0001:0005f140       ?EdgePenalty@InternalPolyhedra@@YANABVdgPolyhedra@@QBVdgTriplex@@PAVdgEdge@@@Z 10060140 f    CIL library: CIL module
 0001:0005f7b0       ?CalculateVertexMetrics@InternalPolyhedra@@YAXQAUVERTEX_METRIC_STRUCT@1@QBVdgTriplex@@PAVdgEdge@@@Z 100607b0 f    CIL library: CIL module
 0001:0005f8a0       ?RefineTriangulation@InternalPolyhedra@@YAXAAVdgPolyhedra@@QBNHQAVdgVector@@HQAPAVdgEdge@@@Z 100608a0 f    CIL library: CIL module
 0001:000600a0       ?FindEarTip@InternalPolyhedra@@YAPAVdgEdge@@ABVdgPolyhedra@@QAV2@QBNHAAV?$dgDownHeap@PAVdgEdge@@N@@ABVdgVector@@@Z 100610a0 f    CIL library: CIL module
 0001:000606b0       ?IsEssensialPointDiagonal@InternalPolyhedra@@YA_NQAVdgEdge@@ABVdgBigVector@@QBNH@Z 100616b0 f    CIL library: CIL module
 0001:00060880       ?GetInteriorDiagonals@InternalPolyhedra@@YAHAAVdgPolyhedra@@QAPAVdgEdge@@H@Z 10061880 f    CIL library: CIL module
 0001:00060910       ?MarkAdjacentCoplanarFaces@InternalPolyhedra@@YAXAAVdgPolyhedra@@0QAVdgEdge@@QBNH@Z 10061910 f    CIL library: CIL module
 0001:00060d80       ?RemoveColinearVertices@InternalPolyhedra@@YAXAAVdgPolyhedra@@QBNH@Z 10061d80 f    CIL library: CIL module
 0001:000611e0       ?RefineTriangulation@InternalPolyhedra@@YAXAAVdgPolyhedra@@QBNH@Z 100621e0 f    CIL library: CIL module
 0001:00061300       ?TriangulateFace@InternalPolyhedra@@YAPAVdgEdge@@AAVdgPolyhedra@@PAV2@QBNHAAV?$dgDownHeap@PAVdgEdge@@N@@QAVdgVector@@@Z 10062300 f    CIL library: CIL module
 0001:000614c0       ?OptimizeTriangulation@InternalPolyhedra@@YAXAAVdgPolyhedra@@QBNH@Z 100624c0 f    CIL library: CIL module
 0001:00061760       ?ConvexPartition@InternalPolyhedra@@YA_NAAVdgPolyhedra@@QBNH@Z 10062760 f    CIL library: CIL module
 0001:0006d5f0       ??0dgSpliteInfo@?6??BuildTree@dgAABBTree@@QAEPAVdgConstructionTree@2@QAVdgMemoryAllocator@@HHQAV2@QBVdgTriplex@@@Z@QAE@1H2QBV32@@Z 1006e5f0 f    CIL library: CIL module
 0001:000746b9       ___DllMainCRTStartup       100756b9 f   LIBCMT:dllcrt0.obj
 0001:00074884       __onexit_nolock            10075884 f   LIBCMT:onexit.obj
 0001:000749ff       __callthreadstartex        100759ff f   LIBCMT:threadex.obj
 0001:00074a40       __threadstartex@4          10075a40 f   LIBCMT:threadex.obj
 0001:00074b73       __hw_cw                    10075b73 f   LIBCMT:_ieee87_.obj
 0001:00074c01       ___hw_cw_sse2              10075c01 f   LIBCMT:_ieee87_.obj
 0001:0007669a       __initterm                 1007769a f   LIBCMT:crt0dat.obj
 0001:00076760       _doexit                    10077760 f   LIBCMT:crt0dat.obj
 0001:000775c1       _parse_cmdline             100785c1 f   LIBCMT:stdargv.obj
 0001:00077d9a       _write_char                10078d9a f   LIBCMT:output.obj
 0001:00077dcd       _write_multi_char          10078dcd f   LIBCMT:output.obj
 0001:00077df3       _write_string              10078df3 f   LIBCMT:output.obj
 0001:00079036       _siglookup                 1007a036 f   LIBCMT:winsig.obj
 0001:000792b1       _has_osfxsr_set            1007a2b1 f   LIBCMT:cpu_disp.obj
 0001:0007a044       __unwind_handler4          1007b044 f   LIBCMT:exsup4.obj
 0001:0007a7cf       __updatetlocinfoEx_nolock  1007b7cf f   LIBCMT:setlocal.obj
 0001:0007a883       ?CPtoLCID@@YAHH@Z          1007b883 f   LIBCMT:mbctype.obj
 0001:0007a8b2       ?setSBCS@@YAXPAUthreadmbcinfostruct@@@Z 1007b8b2 f   LIBCMT:mbctype.obj
 0001:0007a916       ?setSBUpLow@@YAXPAUthreadmbcinfostruct@@@Z 1007b916 f   LIBCMT:mbctype.obj
 0001:0007ab4d       ?getSystemCP@@YAHH@Z       1007bb4d f   LIBCMT:mbctype.obj
 0001:0007b29f       ?x_ismbbtype_l@@YAHPAUlocaleinfo_struct@@IHH@Z 1007c29f f   LIBCMT:ismbbyte.obj
 0001:0007c7c6       __shift                    1007d7c6 f   LIBCMT:cvt.obj
 0001:0007c80b       __cftoe2_l                 1007d80b f   LIBCMT:cvt.obj
 0001:0007cddd       __cftof2_l                 1007dddd f   LIBCMT:cvt.obj
 0001:0007d19b       _fastcopy_I                1007e19b f   LIBCMT:p4_memcpy.obj
 0001:0007d42c       __unwind_handler           1007e42c f   LIBCMT:exsup.obj
 0001:0007d898       ?__crtGetStringTypeA_stat@@YAHPAUlocaleinfo_struct@@KPBDHPAGHHH@Z 1007e898 f   LIBCMT:a_str.obj
 0001:0007dae0       ?__crtLCMapStringA_stat@@YAHPAUlocaleinfo_struct@@KKPBDHPADHHH@Z 1007eae0 f   LIBCMT:a_map.obj
 0001:0007e40a       _flsall                    1007f40a f   LIBCMT:fflush.obj
 0001:0007e4ed       _fastzero_I                1007f4ed f   LIBCMT:p4_memset.obj
 0001:0007e5d3       ?strtoxl@@YAKPAUlocaleinfo_struct@@PBDPAPBDHH@Z 1007f5d3 f   LIBCMT:strtol.obj
 0001:00083cb0       ??__E?m_globalAllocator@dgGlobalAllocator@@2V1@A@@YAXXZ 10084cb0 f    CIL library: CIL module
 0001:00083cc0       ??__EzeroMatrix@@YAXXZ     10084cc0 f    CIL library: CIL module
 0001:00083d90       ??__EidentityMatrix@@YAXXZ 10084d90 f    CIL library: CIL module
 0001:00083e70       ??__EidentitySphere@@YAXXZ 10084e70 f    CIL library: CIL module
 0001:00083e90       ??__F?m_globalAllocator@dgGlobalAllocator@@2V1@A@@YAXXZ 10084e90 f    CIL library: CIL module
